Component: ARM Compiler 5.05 update 1 (build 106) Tool: armlink [4d0efa]

==============================================================================

Section Cross References

    startup_stm32f10x_hd.o(RESET) refers to startup_stm32f10x_hd.o(STACK) for __initial_sp
    startup_stm32f10x_hd.o(RESET) refers to startup_stm32f10x_hd.o(.text) for Reset_Handler
    startup_stm32f10x_hd.o(RESET) refers to stm32f10x_it.o(i.NMI_Handler) for NMI_Handler
    startup_stm32f10x_hd.o(RESET) refers to stm32f10x_it.o(i.HardFault_Handler) for HardFault_Handler
    startup_stm32f10x_hd.o(RESET) refers to stm32f10x_it.o(i.MemManage_Handler) for MemManage_Handler
    startup_stm32f10x_hd.o(RESET) refers to stm32f10x_it.o(i.BusFault_Handler) for BusFault_Handler
    startup_stm32f10x_hd.o(RESET) refers to stm32f10x_it.o(i.UsageFault_Handler) for UsageFault_Handler
    startup_stm32f10x_hd.o(RESET) refers to stm32f10x_it.o(i.SVC_Handler) for SVC_Handler
    startup_stm32f10x_hd.o(RESET) refers to stm32f10x_it.o(i.DebugMon_Handler) for DebugMon_Handler
    startup_stm32f10x_hd.o(RESET) refers to os_cpu_a.o(CODE) for OS_CPU_PendSVHandler
    startup_stm32f10x_hd.o(RESET) refers to os_cpu_c.o(i.OS_CPU_SysTickHandler) for OS_CPU_SysTickHandler
    startup_stm32f10x_hd.o(RESET) refers to stm32f10x_it.o(i.TIM3_IRQHandler) for TIM3_IRQHandler
    startup_stm32f10x_hd.o(RESET) refers to stm32f10x_it.o(i.TIM4_IRQHandler) for TIM4_IRQHandler
    startup_stm32f10x_hd.o(RESET) refers to usart.o(i.USART1_IRQHandler) for USART1_IRQHandler
    startup_stm32f10x_hd.o(RESET) refers to stm32f10x_it.o(i.USART2_IRQHandler) for USART2_IRQHandler
    startup_stm32f10x_hd.o(RESET) refers to exti.o(i.EXTI15_10_IRQHandler) for EXTI15_10_IRQHandler
    startup_stm32f10x_hd.o(RESET) refers to sdio_sdcard.o(i.SDIO_IRQHandler) for SDIO_IRQHandler
    startup_stm32f10x_hd.o(.text) refers to system_stm32f10x.o(i.SystemInit) for SystemInit
    startup_stm32f10x_hd.o(.text) refers to entry.o(.ARM.Collect$$$$00000000) for __main
    system_stm32f10x.o(i.SetSysClock) refers to system_stm32f10x.o(i.SetSysClockTo72) for SetSysClockTo72
    system_stm32f10x.o(i.SystemCoreClockUpdate) refers to system_stm32f10x.o(.data) for SystemCoreClock
    system_stm32f10x.o(i.SystemInit) refers to system_stm32f10x.o(i.SetSysClock) for SetSysClock
    stm32f10x_adc.o(i.ADC_DeInit) refers to stm32f10x_rcc.o(i.RCC_APB2PeriphResetCmd) for RCC_APB2PeriphResetCmd
    stm32f10x_bkp.o(i.BKP_DeInit) refers to stm32f10x_rcc.o(i.RCC_BackupResetCmd) for RCC_BackupResetCmd
    stm32f10x_can.o(i.CAN_DeInit) refers to stm32f10x_rcc.o(i.RCC_APB1PeriphResetCmd) for RCC_APB1PeriphResetCmd
    stm32f10x_can.o(i.CAN_GetITStatus) refers to stm32f10x_can.o(i.CheckITStatus) for CheckITStatus
    stm32f10x_cec.o(i.CEC_DeInit) refers to stm32f10x_rcc.o(i.RCC_APB1PeriphResetCmd) for RCC_APB1PeriphResetCmd
    stm32f10x_dac.o(i.DAC_DeInit) refers to stm32f10x_rcc.o(i.RCC_APB1PeriphResetCmd) for RCC_APB1PeriphResetCmd
    stm32f10x_flash.o(i.FLASH_EnableWriteProtection) refers to stm32f10x_flash.o(i.FLASH_WaitForLastOperation) for FLASH_WaitForLastOperation
    stm32f10x_flash.o(i.FLASH_EraseAllBank1Pages) refers to stm32f10x_flash.o(i.FLASH_WaitForLastBank1Operation) for FLASH_WaitForLastBank1Operation
    stm32f10x_flash.o(i.FLASH_EraseAllPages) refers to stm32f10x_flash.o(i.FLASH_WaitForLastOperation) for FLASH_WaitForLastOperation
    stm32f10x_flash.o(i.FLASH_EraseOptionBytes) refers to stm32f10x_flash.o(i.FLASH_GetReadOutProtectionStatus) for FLASH_GetReadOutProtectionStatus
    stm32f10x_flash.o(i.FLASH_EraseOptionBytes) refers to stm32f10x_flash.o(i.FLASH_WaitForLastOperation) for FLASH_WaitForLastOperation
    stm32f10x_flash.o(i.FLASH_ErasePage) refers to stm32f10x_flash.o(i.FLASH_WaitForLastOperation) for FLASH_WaitForLastOperation
    stm32f10x_flash.o(i.FLASH_ProgramHalfWord) refers to stm32f10x_flash.o(i.FLASH_WaitForLastOperation) for FLASH_WaitForLastOperation
    stm32f10x_flash.o(i.FLASH_ProgramOptionByteData) refers to stm32f10x_flash.o(i.FLASH_WaitForLastOperation) for FLASH_WaitForLastOperation
    stm32f10x_flash.o(i.FLASH_ProgramWord) refers to stm32f10x_flash.o(i.FLASH_WaitForLastOperation) for FLASH_WaitForLastOperation
    stm32f10x_flash.o(i.FLASH_ReadOutProtection) refers to stm32f10x_flash.o(i.FLASH_WaitForLastOperation) for FLASH_WaitForLastOperation
    stm32f10x_flash.o(i.FLASH_UserOptionByteConfig) refers to stm32f10x_flash.o(i.FLASH_WaitForLastOperation) for FLASH_WaitForLastOperation
    stm32f10x_flash.o(i.FLASH_WaitForLastBank1Operation) refers to stm32f10x_flash.o(i.FLASH_GetBank1Status) for FLASH_GetBank1Status
    stm32f10x_flash.o(i.FLASH_WaitForLastOperation) refers to stm32f10x_flash.o(i.FLASH_GetBank1Status) for FLASH_GetBank1Status
    stm32f10x_gpio.o(i.GPIO_AFIODeInit) refers to stm32f10x_rcc.o(i.RCC_APB2PeriphResetCmd) for RCC_APB2PeriphResetCmd
[...]
    recoder_show_agc                         0x080163d1   Thumb Code    76  recorder.o(i.recoder_show_agc)
    recoder_show_time                        0x08016431   Thumb Code   106  recorder.o(i.recoder_show_time)
    recoder_wav_init                         0x080164a5   Thumb Code    64  recorder.o(i.recoder_wav_init)
    spi_send_byte                            0x08016561   Thumb Code    50  ld3320.o(i.spi_send_byte)
    stepper                                  0x080165a9   Thumb Code   152  motor.o(i.stepper)
    u2_TxData                                0x08016781   Thumb Code    58  usart2.o(i.u2_TxData)
    u2_printf                                0x080167c1   Thumb Code    84  usart2.o(i.u2_printf)
    uart_init                                0x0801681d   Thumb Code   152  usart.o(i.uart_init)
    utils_hb2hex                             0x080168bd   Thumb Code    24  utils_md5.o(i.utils_hb2hex)
    utils_hmac_sha1                          0x080168d5   Thumb Code   232  utils_hmac.o(i.utils_hmac_sha1)
    utils_sha1_finish                        0x080169bd   Thumb Code   228  utils_sha1.o(i.utils_sha1_finish)
    utils_sha1_init                          0x08016aa5   Thumb Code    14  utils_sha1.o(i.utils_sha1_init)
    utils_sha1_process                       0x08016ab5   Thumb Code  6420  utils_sha1.o(i.utils_sha1_process)
    utils_sha1_starts                        0x080183d1   Thumb Code    30  utils_sha1.o(i.utils_sha1_starts)
    utils_sha1_update                        0x080183fd   Thumb Code   124  utils_sha1.o(i.utils_sha1_update)
    OSCfg_IdleTaskStkBasePtr                 0x080184b0   Data           4  os_cfg_app.o(.constdata)
    OSCfg_IdleTaskStkLimit                   0x080184b4   Data           4  os_cfg_app.o(.constdata)
    OSCfg_IdleTaskStkSize                    0x080184b8   Data           4  os_cfg_app.o(.constdata)
    OSCfg_IdleTaskStkSizeRAM                 0x080184bc   Data           4  os_cfg_app.o(.constdata)
    OSCfg_IntQBasePtr                        0x080184c0   Data           4  os_cfg_app.o(.constdata)
    OSCfg_IntQSize                           0x080184c4   Data           2  os_cfg_app.o(.constdata)
    OSCfg_IntQSizeRAM                        0x080184c8   Data           4  os_cfg_app.o(.constdata)
    OSCfg_IntQTaskStkBasePtr                 0x080184cc   Data           4  os_cfg_app.o(.constdata)
    OSCfg_IntQTaskStkLimit                   0x080184d0   Data           4  os_cfg_app.o(.constdata)
    OSCfg_IntQTaskStkSize                    0x080184d4   Data           4  os_cfg_app.o(.constdata)
    OSCfg_IntQTaskStkSizeRAM                 0x080184d8   Data           4  os_cfg_app.o(.constdata)
    OSCfg_ISRStkBasePtr                      0x080184dc   Data           4  os_cfg_app.o(.constdata)
    OSCfg_ISRStkSize                         0x080184e0   Data           4  os_cfg_app.o(.constdata)
    OSCfg_ISRStkSizeRAM                      0x080184e4   Data           4  os_cfg_app.o(.constdata)
    OSCfg_MsgPoolSize                        0x080184e8   Data           2  os_cfg_app.o(.constdata)
    OSCfg_MsgPoolSizeRAM                     0x080184ec   Data           4  os_cfg_app.o(.constdata)
    OSCfg_MsgPoolBasePtr                     0x080184f0   Data           4  os_cfg_app.o(.constdata)
    OSCfg_StatTaskPrio                       0x080184f4   Data           1  os_cfg_app.o(.constdata)
    OSCfg_StatTaskRate_Hz                    0x080184f8   Data           4  os_cfg_app.o(.constdata)
    OSCfg_StatTaskStkBasePtr                 0x080184fc   Data           4  os_cfg_app.o(.constdata)
    OSCfg_StatTaskStkLimit                   0x08018500   Data           4  os_cfg_app.o(.constdata)
    OSCfg_StatTaskStkSize                    0x08018504   Data           4  os_cfg_app.o(.constdata)
    OSCfg_StatTaskStkSizeRAM                 0x08018508   Data           4  os_cfg_app.o(.constdata)
    OSCfg_StkSizeMin                         0x0801850c   Data           4  os_cfg_app.o(.constdata)
    OSCfg_TickRate_Hz                        0x08018510   Data           4  os_cfg_app.o(.constdata)
    OSCfg_TickTaskPrio                       0x08018514   Data           1  os_cfg_app.o(.constdata)
    OSCfg_TickTaskStkBasePtr                 0x08018518   Data           4  os_cfg_app.o(.constdata)
    OSCfg_TickTaskStkLimit                   0x0801851c   Data           4  os_cfg_app.o(.constdata)
    OSCfg_TickTaskStkSize                    0x08018520   Data           4  os_cfg_app.o(.constdata)
    OSCfg_TickTaskStkSizeRAM                 0x08018524   Data           4  os_cfg_app.o(.constdata)
    OSCfg_TickWheelSize                      0x08018528   Data           2  os_cfg_app.o(.constdata)
    OSCfg_TickWheelSizeRAM                   0x0801852c   Data           4  os_cfg_app.o(.constdata)
    OSCfg_TmrTaskPrio                        0x08018530   Data           1  os_cfg_app.o(.constdata)
    OSCfg_TmrTaskRate_Hz                     0x08018534   Data           4  os_cfg_app.o(.constdata)
    OSCfg_TmrTaskStkBasePtr                  0x08018538   Data           4  os_cfg_app.o(.constdata)
    OSCfg_TmrTaskStkLimit                    0x0801853c   Data           4  os_cfg_app.o(.constdata)
    OSCfg_TmrTaskStkSize                     0x08018540   Data           4  os_cfg_app.o(.constdata)
    OSCfg_TmrTaskStkSizeRAM                  0x08018544   Data           4  os_cfg_app.o(.constdata)
    OSCfg_TmrWheelSize                       0x08018548   Data           2  os_cfg_app.o(.constdata)
    OSCfg_TmrWheelSizeRAM                    0x0801854c   Data           4  os_cfg_app.o(.constdata)
    OSCfg_DataSizeRAM                        0x08018550   Data           4  os_cfg_app.o(.constdata)
    OSDbg_DbgEn                              0x08018554   Data           1  os_dbg.o(.constdata)
    OSDbg_ArgChkEn                           0x08018555   Data           1  os_dbg.o(.constdata)
    OSDbg_AppHooksEn                         0x08018556   Data           1  os_dbg.o(.constdata)
    OSDbg_EndiannessTest                     0x08018558   Data           4  os_dbg.o(.constdata)
    OSDbg_CalledFromISRChkEn                 0x0801855c   Data           1  os_dbg.o(.constdata)
    OSDbg_FlagEn                             0x0801855d   Data           1  os_dbg.o(.constdata)
    OSDbg_FlagGrp                            0x08018560   Data          40  os_dbg.o(.constdata)
    OSDbg_FlagDelEn                          0x08018588   Data           1  os_dbg.o(.constdata)
    OSDbg_FlagModeClrEn                      0x08018589   Data           1  os_dbg.o(.constdata)
    OSDbg_FlagPendAbortEn                    0x0801858a   Data           1  os_dbg.o(.constdata)
    OSDbg_FlagGrpSize                        0x0801858c   Data           2  os_dbg.o(.constdata)
    OSDbg_FlagWidth                          0x0801858e   Data           2  os_dbg.o(.constdata)
    OSDbg_IntQ                               0x08018590   Data           2  os_dbg.o(.constdata)
    OSDbg_ISRPostDeferredEn                  0x08018592   Data           1  os_dbg.o(.constdata)
    OSDbg_Mem                                0x08018594   Data          32  os_dbg.o(.constdata)
    OSDbg_MemEn                              0x080185b4   Data           1  os_dbg.o(.constdata)
    OSDbg_MemSize                            0x080185b6   Data           2  os_dbg.o(.constdata)
    OSDbg_MsgEn                              0x080185b8   Data           1  os_dbg.o(.constdata)
    OSDbg_MsgSize                            0x080185ba   Data           2  os_dbg.o(.constdata)
    OSDbg_MsgPoolSize                        0x080185bc   Data           2  os_dbg.o(.constdata)
    OSDbg_MsgQSize                           0x080185be   Data           2  os_dbg.o(.constdata)
    OSDbg_Mutex                              0x080185c0   Data          44  os_dbg.o(.constdata)
    OSDbg_MutexEn                            0x080185ec   Data           1  os_dbg.o(.constdata)
    OSDbg_MutexDelEn                         0x080185ed   Data           1  os_dbg.o(.constdata)
    OSDbg_MutexPendAbortEn                   0x080185ee   Data           1  os_dbg.o(.constdata)
    OSDbg_MutexSize                          0x080185f0   Data           2  os_dbg.o(.constdata)
    OSDbg_ObjTypeChkEn                       0x080185f2   Data           1  os_dbg.o(.constdata)
    OSDbg_PendMultiEn                        0x080185f3   Data           1  os_dbg.o(.constdata)
    OSDbg_PendDataSize                       0x080185f4   Data           2  os_dbg.o(.constdata)
    OSDbg_PendListSize                       0x080185f6   Data           2  os_dbg.o(.constdata)
    OSDbg_PendObjSize                        0x080185f8   Data           2  os_dbg.o(.constdata)
    OSDbg_PrioMax                            0x080185fa   Data           2  os_dbg.o(.constdata)
    OSDbg_PrioTblSize                        0x080185fc   Data           2  os_dbg.o(.constdata)
    OSDbg_PtrSize                            0x080185fe   Data           2  os_dbg.o(.constdata)
    OSDbg_Q                                  0x08018600   Data          48  os_dbg.o(.constdata)
    OSDbg_QEn                                0x08018630   Data           1  os_dbg.o(.constdata)
    OSDbg_QDelEn                             0x08018631   Data           1  os_dbg.o(.constdata)
    OSDbg_QFlushEn                           0x08018632   Data           1  os_dbg.o(.constdata)
    OSDbg_QPendAbortEn                       0x08018633   Data           1  os_dbg.o(.constdata)
    OSDbg_QSize                              0x08018634   Data           2  os_dbg.o(.constdata)
    OSDbg_SchedRoundRobinEn                  0x08018636   Data           1  os_dbg.o(.constdata)
    OSDbg_Sem                                0x08018638   Data          40  os_dbg.o(.constdata)
    OSDbg_SemEn                              0x08018660   Data           1  os_dbg.o(.constdata)
    OSDbg_SemDelEn                           0x08018661   Data           1  os_dbg.o(.constdata)
    OSDbg_SemPendAbortEn                     0x08018662   Data           1  os_dbg.o(.constdata)
    OSDbg_SemSetEn                           0x08018663   Data           1  os_dbg.o(.constdata)
    OSDbg_SemSize                            0x08018664   Data           2  os_dbg.o(.constdata)
    OSDbg_RdyList                            0x08018666   Data           2  os_dbg.o(.constdata)
    OSDbg_RdyListSize                        0x08018668   Data           4  os_dbg.o(.constdata)
    OSDbg_StkWidth                           0x0801866c   Data           1  os_dbg.o(.constdata)
    OSDbg_StatTaskEn                         0x0801866d   Data           1  os_dbg.o(.constdata)
    OSDbg_StatTaskStkChkEn                   0x0801866e   Data           1  os_dbg.o(.constdata)
    OSDbg_TaskChangePrioEn                   0x0801866f   Data           1  os_dbg.o(.constdata)
    OSDbg_TaskDelEn                          0x08018670   Data           1  os_dbg.o(.constdata)
    OSDbg_TaskQEn                            0x08018671   Data           1  os_dbg.o(.constdata)
    OSDbg_TaskQPendAbortEn                   0x08018672   Data           1  os_dbg.o(.constdata)
    OSDbg_TaskProfileEn                      0x08018673   Data           1  os_dbg.o(.constdata)
    OSDbg_TaskRegTblSize                     0x08018674   Data           2  os_dbg.o(.constdata)
    OSDbg_TaskSemPendAbortEn                 0x08018676   Data           1  os_dbg.o(.constdata)
    OSDbg_TaskSuspendEn                      0x08018677   Data           1  os_dbg.o(.constdata)
    OSDbg_TCBSize                            0x08018678   Data           2  os_dbg.o(.constdata)
    OSDbg_TickSpokeSize                      0x0801867a   Data           2  os_dbg.o(.constdata)
    OSDbg_TimeDlyHMSMEn                      0x0801867c   Data           1  os_dbg.o(.constdata)
    OSDbg_TimeDlyResumeEn                    0x0801867d   Data           1  os_dbg.o(.constdata)
    OSDbg_TLS_TblSize                        0x0801867e   Data           2  os_dbg.o(.constdata)
    OSDbg_Tmr                                0x08018680   Data          52  os_dbg.o(.constdata)
    OSDbg_TmrEn                              0x080186b4   Data           1  os_dbg.o(.constdata)
    OSDbg_TmrDelEn                           0x080186b5   Data           1  os_dbg.o(.constdata)
    OSDbg_TmrSize                            0x080186b6   Data           2  os_dbg.o(.constdata)
    OSDbg_TmrSpokeSize                       0x080186b8   Data           2  os_dbg.o(.constdata)
    OSDbg_VersionNbr                         0x080186ba   Data           2  os_dbg.o(.constdata)
    OSDbg_DataSize                           0x080186bc   Data           4  os_dbg.o(.constdata)
    asc2_1206                                0x080186c0   Data        1140  lcd.o(.constdata)
    asc2_1608                                0x08018b34   Data        1520  lcd.o(.constdata)
    asc2_2412                                0x08019124   Data        3420  lcd.o(.constdata)
    memtblsize                               0x08019e80   Data           8  malloc.o(.constdata)
    memblksize                               0x08019e88   Data           8  malloc.o(.constdata)
    memsize                                  0x08019e90   Data           8  malloc.o(.constdata)
    vs1053b_patch                            0x08019e98   Data       10866  mp3player.o(.constdata)
    bitrate                                  0x0801c90a   Data          64  vs10xx.o(.constdata)
    wav_plugin                               0x0801c9e2   Data          80  recorder.o(.constdata)
    FILE_TYPE_TBL                            0x0801ca34   Data         312  exfuns.o(.constdata)
    Region$$Table$$Base                      0x080479cc   Number         0  anon$$obj.o(Region$$Table)
    Region$$Table$$Limit                     0x080479ec   Number         0  anon$$obj.o(Region$$Table)
    SystemCoreClock                          0x20000000   Data           4  system_stm32f10x.o(.data)
    AHBPrescTable                            0x20000004   Data          16  system_stm32f10x.o(.data)
    recod_mark                               0x20000028   Data           1  app.o(.data)
    run_sta                                  0x20000029   Data           1  app.o(.data)
    CPU_TS_TmrFreq_Hz                        0x2000002c   Data           4  cpu_core.o(.data)
    CPU_IntDisMeasCtr                        0x20000030   Data           2  cpu_core.o(.data)
    CPU_IntDisNestCtr                        0x20000032   Data           2  cpu_core.o(.data)
    CPU_IntDisMeasStart_cnts                 0x20000034   Data           4  cpu_core.o(.data)
    CPU_IntDisMeasStop_cnts                  0x20000038   Data           4  cpu_core.o(.data)
    CPU_IntDisMeasOvrhd_cnts                 0x2000003c   Data           4  cpu_core.o(.data)
    CPU_IntDisMeasMaxCur_cnts                0x20000040   Data           4  cpu_core.o(.data)
    CPU_IntDisMeasMax_cnts                   0x20000044   Data           4  cpu_core.o(.data)
    Math_RandSeedCur                         0x20000048   Data           4  lib_math.o(.data)
    OSPrioTbl                                0x2000004c   Data           4  os_prio.o(.data)
    OS_AppTaskCreateHookPtr                  0x20000050   Data           4  os_var.o(.data)
    OS_AppTaskDelHookPtr                     0x20000054   Data           4  os_var.o(.data)
    OS_AppTaskReturnHookPtr                  0x20000058   Data           4  os_var.o(.data)
    OS_AppIdleTaskHookPtr                    0x2000005c   Data           4  os_var.o(.data)
    OS_AppStatTaskHookPtr                    0x20000060   Data           4  os_var.o(.data)
    OS_AppTaskSwHookPtr                      0x20000064   Data           4  os_var.o(.data)
    OS_AppTimeTickHookPtr                    0x20000068   Data           4  os_var.o(.data)
    OSIdleTaskCtr                            0x2000006c   Data           4  os_var.o(.data)
    OSIntNestingCtr                          0x20000070   Data           1  os_var.o(.data)
    OSIntDisTimeMax                          0x20000074   Data           4  os_var.o(.data)
    OSRunning                                0x20000078   Data           1  os_var.o(.data)
    OSIntQInPtr                              0x2000007c   Data           4  os_var.o(.data)
    OSIntQOutPtr                             0x20000080   Data           4  os_var.o(.data)
    OSIntQNbrEntries                         0x20000084   Data           2  os_var.o(.data)
    OSIntQNbrEntriesMax                      0x20000086   Data           2  os_var.o(.data)
    OSIntQOvfCtr                             0x20000088   Data           2  os_var.o(.data)
    OSIntQTaskTimeMax                        0x2000008c   Data           4  os_var.o(.data)
    OSFlagDbgListPtr                         0x20000090   Data           4  os_var.o(.data)
    OSFlagQty                                0x20000094   Data           2  os_var.o(.data)
    OSPrioCur                                0x20000096   Data           1  os_var.o(.data)
    OSPrioHighRdy                            0x20000097   Data           1  os_var.o(.data)
    OSPrioSaved                              0x20000098   Data           1  os_var.o(.data)
    OSQDbgListPtr                            0x2000009c   Data           4  os_var.o(.data)
    OSQQty                                   0x200000a0   Data           2  os_var.o(.data)
    OSSchedLockTimeBegin                     0x200000a4   Data           4  os_var.o(.data)
    OSSchedLockTimeMax                       0x200000a8   Data           4  os_var.o(.data)
    OSSchedLockTimeMaxCur                    0x200000ac   Data           4  os_var.o(.data)
    OSSchedLockNestingCtr                    0x200000b0   Data           1  os_var.o(.data)
    OSSchedRoundRobinDfltTimeQuanta          0x200000b4   Data           4  os_var.o(.data)
    OSSchedRoundRobinEn                      0x200000b8   Data           1  os_var.o(.data)
    OSStatResetFlag                          0x200000b9   Data           1  os_var.o(.data)
    OSStatTaskCPUUsage                       0x200000ba   Data           2  os_var.o(.data)
    OSStatTaskCPUUsageMax                    0x200000bc   Data           2  os_var.o(.data)
    OSStatTaskCtr                            0x200000c0   Data           4  os_var.o(.data)
    OSStatTaskCtrMax                         0x200000c4   Data           4  os_var.o(.data)
    OSStatTaskCtrRun                         0x200000c8   Data           4  os_var.o(.data)
    OSStatTaskRdy                            0x200000cc   Data           1  os_var.o(.data)
    OSStatTaskTimeMax                        0x200000d0   Data           4  os_var.o(.data)
    OSTaskCtxSwCtr                           0x200000d4   Data           4  os_var.o(.data)
    OSTaskDbgListPtr                         0x200000d8   Data           4  os_var.o(.data)
    OSTaskQty                                0x200000dc   Data           2  os_var.o(.data)
    OSTaskRegNextAvailID                     0x200000de   Data           1  os_var.o(.data)
    OSTickCtr                                0x200000e0   Data           4  os_var.o(.data)
    OSTickTaskTimeMax                        0x200000e4   Data           4  os_var.o(.data)
    OSTmrDbgListPtr                          0x200000e8   Data           4  os_var.o(.data)
    OSTmrQty                                 0x200000ec   Data           2  os_var.o(.data)
    OSTmrTaskTimeMax                         0x200000f0   Data           4  os_var.o(.data)
    OSTmrTickCtr                             0x200000f4   Data           4  os_var.o(.data)
    OSTmrUpdateCnt                           0x200000f8   Data           4  os_var.o(.data)
    OSTmrUpdateCtr                           0x200000fc   Data           4  os_var.o(.data)
    OSTCBCurPtr                              0x20000100   Data           4  os_var.o(.data)
    OSTCBHighRdyPtr                          0x20000104   Data           4  os_var.o(.data)
    OS_CPU_ExceptStkBase                     0x20000108   Data           4  os_cpu_c.o(.data)
    keyz                                     0x2000010c   Data           2  key.o(.data)
    POINT_COLOR                              0x2000010e   Data           2  lcd.o(.data)
    BACK_COLOR                               0x20000110   Data           2  lcd.o(.data)
    mallco_dev                               0x20000114   Data          28  malloc.o(.data)
    mode                                     0x20000130   Data           1  mp3player.o(.data)
    mp3_mark                                 0x20000131   Data           1  mp3player.o(.data)
    f_kbps                                   0x20000132   Data           2  mp3player.o(.data)
    TransferError                            0x20000142   Data           1  sdio_sdcard.o(.data)
    TransferEnd                              0x20000143   Data           1  sdio_sdcard.o(.data)
    tempbuff                                 0x20000144   Data           4  sdio_sdcard.o(.data)
    vsset                                    0x2000014a   Data           8  vs10xx.o(.data)
    W25QXX_TYPE                              0x20000152   Data           2  w25qxx.o(.data)
    count                                    0x20000154   Data           2  exti.o(.data)
    nLD_Mode                                 0x20000156   Data           1  ld3320.o(.data)
    direct                                   0x20000157   Data           1  ld3320_test.o(.data)
    process                                  0x20000158   Data           1  ld3320_test.o(.data)
    flag                                     0x20000159   Data           1  ld3320_test.o(.data)
    SYN_StopCom                              0x2000015a   Data           5  ld3320_test.o(.data)
    SYN_SuspendCom                           0x2000015f   Data           5  ld3320_test.o(.data)
    SYN_RecoverCom                           0x20000164   Data           5  ld3320_test.o(.data)
    SYN_ChackCom                             0x20000169   Data           5  ld3320_test.o(.data)
    SYN_PowerDownCom                         0x2000016e   Data           5  ld3320_test.o(.data)
    SYN_PowerSpeed                           0x20000173   Data          10  ld3320_test.o(.data)
    recorder_mark                            0x2000017d   Data           1  recorder.o(.data)
    __stdout                                 0x20000184   Data           4  usart.o(.data)
    USART_RX_STA                             0x20000188   Data           2  usart.o(.data)
    FLASH_SECTOR_COUNT                       0x2000018a   Data           2  diskio.o(.data)
    fs                                       0x2000018c   Data           8  exfuns.o(.data)
    file                                     0x20000194   Data           4  exfuns.o(.data)
    ftemp                                    0x20000198   Data           4  exfuns.o(.data)
    br                                       0x2000019c   Data           4  exfuns.o(.data)
    bw                                       0x200001a0   Data           4  exfuns.o(.data)
    fatbuf                                   0x200001a4   Data           4  exfuns.o(.data)
    MQTT_RxDataInPtr                         0x200001b4   Data           4  mqtt.o(.data)
    MQTT_RxDataOutPtr                        0x200001b8   Data           4  mqtt.o(.data)
    MQTT_RxDataEndPtr                        0x200001bc   Data           4  mqtt.o(.data)
    MQTT_TxDataInPtr                         0x200001c0   Data           4  mqtt.o(.data)
    MQTT_TxDataOutPtr                        0x200001c4   Data           4  mqtt.o(.data)
    MQTT_TxDataEndPtr                        0x200001c8   Data           4  mqtt.o(.data)
    MQTT_CMDInPtr                            0x200001cc   Data           4  mqtt.o(.data)
    MQTT_CMDOutPtr                           0x200001d0   Data           4  mqtt.o(.data)
    MQTT_CMDEndPtr                           0x200001d4   Data           4  mqtt.o(.data)
    ClientID_len                             0x200001d8   Data           4  mqtt.o(.data)
    Username_len                             0x200001dc   Data           4  mqtt.o(.data)
    Passward_len                             0x200001e0   Data           4  mqtt.o(.data)
    ServerPort                               0x200001e4   Data           4  mqtt.o(.data)
    Fixed_len                                0x200001e8   Data           4  mqtt.o(.data)
    Variable_len                             0x200001ec   Data           4  mqtt.o(.data)
    Payload_len                              0x200001f0   Data           4  mqtt.o(.data)
    Ping_flag                                0x200001f4   Data           1  mqtt.o(.data)
    Connect_flag                             0x200001f5   Data           1  mqtt.o(.data)
    ConnectPack_flag                         0x200001f6   Data           1  mqtt.o(.data)
    SubcribePack_flag                        0x200001f7   Data           1  mqtt.o(.data)
    Usart2_RxCompleted                       0x200001f8   Data           1  usart2.o(.data)
    Usart2_RxCounter                         0x200001fc   Data           4  usart2.o(.data)
    wifi_mode                                0x20000200   Data           1  wifi.o(.data)
    messg                                    0x20000208   Data          48  app.o(.bss)
    messg2                                   0x20000238   Data          48  app.o(.bss)
    flag_grp1                                0x20000268   Data          40  app.o(.bss)
    CPU_Name                                 0x20004308   Data          16  cpu_core.o(.bss)
    OSCfg_IdleTaskStk                        0x20004318   Data         512  os_cfg_app.o(.bss)
    OSCfg_IntQ                               0x20004518   Data         320  os_cfg_app.o(.bss)
    OSCfg_IntQTaskStk                        0x20004658   Data         512  os_cfg_app.o(.bss)
    OSCfg_ISRStk                             0x20004858   Data         512  os_cfg_app.o(.bss)
    OSCfg_MsgPool                            0x20004a58   Data         320  os_cfg_app.o(.bss)
    OSCfg_StatTaskStk                        0x20004b98   Data         512  os_cfg_app.o(.bss)
    OSCfg_TickTaskStk                        0x20004d98   Data         512  os_cfg_app.o(.bss)
    OSCfg_TickWheel                          0x20004f98   Data         136  os_cfg_app.o(.bss)
    OSCfg_TmrTaskStk                         0x20005020   Data         512  os_cfg_app.o(.bss)
    OSCfg_TmrWheel                           0x20005220   Data         136  os_cfg_app.o(.bss)
    OSIdleTaskTCB                            0x200052a8   Data         200  os_var.o(.bss)
    OSIntQTaskTCB                            0x20005370   Data         200  os_var.o(.bss)
    OSMsgPool                                0x20005438   Data          12  os_var.o(.bss)
    OSRdyList                                0x20005444   Data         384  os_var.o(.bss)
    OSStatTaskTCB                            0x200055c4   Data         200  os_var.o(.bss)
    OSTickTaskTCB                            0x2000568c   Data         200  os_var.o(.bss)
    OSTmrTaskTCB                             0x20005754   Data         200  os_var.o(.bss)
    lcddev                                   0x2000581c   Data          14  lcd.o(.bss)
    mem1base                                 0x20005840   Data       15360  malloc.o(.bss)
    mem1mapbase                              0x20009440   Data         960  malloc.o(.bss)
    SDIO_InitStructure                       0x20009800   Data          24  sdio_sdcard.o(.bss)
    SDIO_CmdInitStructure                    0x20009818   Data          20  sdio_sdcard.o(.bss)
    SDIO_DataInitStructure                   0x2000982c   Data          24  sdio_sdcard.o(.bss)
    SDCardInfo                               0x20009868   Data          88  sdio_sdcard.o(.bss)
    SDIO_DATA_BUFFER                         0x200098c0   Data         512  sdio_sdcard.o(.bss)
    W25QXX_BUFFER                            0x20009ce8   Data        4096  w25qxx.o(.bss)
    USART_RX_BUF                             0x2000ace8   Data         200  usart.o(.bss)
    MQTT_RxDataBuf                           0x2000adb0   Data        4096  mqtt.o(.bss)
    MQTT_TxDataBuf                           0x2000bdb0   Data        4096  mqtt.o(.bss)
    MQTT_CMDBuf                              0x2000cdb0   Data        4096  mqtt.o(.bss)
    ClientID                                 0x2000ddb0   Data         128  mqtt.o(.bss)
    Username                                 0x2000de30   Data         128  mqtt.o(.bss)
    Passward                                 0x2000deb0   Data         128  mqtt.o(.bss)
    ServerIP                                 0x2000df30   Data         128  mqtt.o(.bss)
    temp_buff                                0x2000dfb0   Data         512  mqtt.o(.bss)
    Usart2_RxBuff                            0x2000e1b0   Data        1024  usart2.o(.bss)
    USART2_TxBuff                            0x2000e5b0   Data        1024  usart2.o(.bss)
    __initial_sp                             0x2000edb0   Data           0  startup_stm32f10x_hd.o(STACK)
    mem2base                                 0x68000000   Data       983040  malloc.o(.ARM.__AT_0x68000000)
    mem2mapbase                              0x680f0000   Data       61440  malloc.o(.ARM.__AT_0x680F0000)



==============================================================================

Memory Map of the image

  Image Entry point : 0x08000131

  Load Region LR_IROM1 (Base: 0x08000000, Size: 0x00047bf0, Max: 0x00080000, ABSOLUTE, COMPRESSED[0x00047a50])

    Execution Region ER_IROM1 (Base: 0x08000000, Size: 0x000479ec, Max: 0x00080000, ABSOLUTE)

    Base Addr    Size         Type   Attr      Idx    E Section Name        Object

    0x08000000   0x00000130   Data   RO            3    RESET               startup_stm32f10x_hd.o
    0x08000130   0x00000000   Code   RO         7685  * .ARM.Collect$$$$00000000  mc_w.l(entry.o)
    0x08000130   0x00000004   Code   RO         7991    .ARM.Collect$$$$00000001  mc_w.l(entry2.o)
    0x08000134   0x00000004   Code   RO         7994    .ARM.Collect$$$$00000004  mc_w.l(entry5.o)
    0x08000138   0x00000000   Code   RO         7996    .ARM.Collect$$$$00000008  mc_w.l(entry7b.o)
    0x08000138   0x00000000   Code   RO         7998    .ARM.Collect$$$$0000000A  mc_w.l(entry8b.o)
    0x08000138   0x00000008   Code   RO         7999    .ARM.Collect$$$$0000000B  mc_w.l(entry9a.o)
    0x08000140   0x00000000   Code   RO         8001    .ARM.Collect$$$$0000000D  mc_w.l(entry10a.o)
    0x08000140   0x00000000   Code   RO         8003    .ARM.Collect$$$$0000000F  mc_w.l(entry11a.o)
    0x08000140   0x00000004   Code   RO         7992    .ARM.Collect$$$$00002712  mc_w.l(entry2.o)
    0x08000144   0x00000024   Code   RO            4    .text               startup_stm32f10x_hd.o
    0x08000168   0x00000034   Code   RO         3736    .text               cpu_a.o
    0x0800019c   0x00000062   Code   RO         7688    .text               mc_w.l(ldiv.o)
    0x080001fe   0x00000024   Code   RO         7690    .text               mc_w.l(memcpya.o)
    0x08000222   0x00000024   Code   RO         7692    .text               mc_w.l(memseta.o)
    0x08000246   0x00000018   Code   RO         7694    .text               mc_w.l(strcat.o)
    0x0800025e   0x00000024   Code   RO         7696    .text               mc_w.l(strstr.o)
    0x08000282   0x0000000e   Code   RO         7698    .text               mc_w.l(strlen.o)
    0x08000290   0x0000001c   Code   RO         7700    .text               mc_w.l(strcmp.o)
    0x080002ac   0x00000012   Code   RO         7702    .text               mc_w.l(strcpy.o)
    0x080002be   0x00000064   Code   RO         7967    .text               mf_w.l(fmul.o)
    0x08000322   0x0000007c   Code   RO         7969    .text               mf_w.l(fdiv.o)
    0x0800039e   0x000000e4   Code   RO         7971    .text               mf_w.l(dmul.o)
    0x08000482   0x000000de   Code   RO         7973    .text               mf_w.l(ddiv.o)
    0x08000560   0x00000012   Code   RO         7975    .text               mf_w.l(fflti.o)
    0x08000572   0x0000000a   Code   RO         7977    .text               mf_w.l(ffltui.o)
    0x0800057c   0x0000001a   Code   RO         7979    .text               mf_w.l(dfltui.o)
    0x08000596   0x00000028   Code   RO         7981    .text               mf_w.l(ffixui.o)
    0x080005be   0x0000003e   Code   RO         7983    .text               mf_w.l(dfixi.o)
    0x080005fc   0x00000032   Code   RO         7985    .text               mf_w.l(dfixui.o)
    0x0800062e   0x00000026   Code   RO         7987    .text               mf_w.l(f2d.o)
    0x08000654   0x00000038   Code   RO         7989    .text               mf_w.l(d2f.o)
    0x0800068c   0x0000002c   Code   RO         8005    .text               mc_w.l(uidiv.o)
    0x080006b8   0x00000062   Code   RO         8007    .text               mc_w.l(uldiv.o)
    0x0800071a   0x00000020   Code   RO         8009    .text               mc_w.l(llushr.o)
    0x0800073a   0x00000000   Code   RO         8011    .text               mc_w.l(iusefp.o)
    0x0800073a   0x0000006e   Code   RO         8012    .text               mf_w.l(fepilogue.o)
    0x080007a8   0x000000ba   Code   RO         8014    .text               mf_w.l(depilogue.o)
    0x08000862   0x0000014e   Code   RO         8016    .text               mf_w.l(dadd.o)
    0x080009b0   0x00000030   Code   RO         8018    .text               mf_w.l(dfixul.o)
    0x080009e0   0x00000030   Code   RO         8020    .text               mf_w.l(cdrcmple.o)
    0x08000a10   0x00000024   Code   RO         8022    .text               mc_w.l(init.o)
    0x08000a34   0x0000001e   Code   RO         8024    .text               mc_w.l(llshl.o)
    0x08000a52   0x00000024   Code   RO         8026    .text               mc_w.l(llsshr.o)
    0x08000a76   0x00000056   Code   RO         8036    .text               mc_w.l(__dczerorl2.o)
    0x08000acc   0x00000084   Code   RO         5106    CODE                os_cpu_a.o
    0x08000b50   0x00000016   Code   RO          183    i.ADC_Cmd           stm32f10x_adc.o
    0x08000b66   0x00000002   PAD
    0x08000b68   0x0000005c   Code   RO          185    i.ADC_DeInit        stm32f10x_adc.o
    0x08000bc4   0x00000014   Code   RO          191    i.ADC_GetCalibrationStatus  stm32f10x_adc.o
    0x08000bd8   0x00000008   Code   RO          192    i.ADC_GetConversionValue  stm32f10x_adc.o
    0x08000be0   0x00000012   Code   RO          194    i.ADC_GetFlagStatus  stm32f10x_adc.o
    0x08000bf2   0x00000014   Code   RO          197    i.ADC_GetResetCalibrationStatus  stm32f10x_adc.o
    0x08000c06   0x00000002   PAD
    0x08000c08   0x00000050   Code   RO          201    i.ADC_Init          stm32f10x_adc.o
    0x08000c58   0x000000b8   Code   RO          205    i.ADC_RegularChannelConfig  stm32f10x_adc.o
    0x08000d10   0x0000000a   Code   RO          206    i.ADC_ResetCalibration  stm32f10x_adc.o
    0x08000d1a   0x00000016   Code   RO          208    i.ADC_SoftwareStartConvCmd  stm32f10x_adc.o
    0x08000d30   0x0000000a   Code   RO          210    i.ADC_StartCalibration  stm32f10x_adc.o
    0x08000d3a   0x0000002e   Code   RO         6257    i.AT24CXX_Check     24cxx.o
    0x08000d68   0x00000008   Code   RO         6258    i.AT24CXX_Init      24cxx.o
    0x08000d70   0x00000028   Code   RO         6259    i.AT24CXX_Read      24cxx.o
    0x08000d98   0x00000054   Code   RO         6261    i.AT24CXX_ReadOneByte  24cxx.o
    0x08000dec   0x00000026   Code   RO         6262    i.AT24CXX_Write     24cxx.o
    0x08000e12   0x0000004c   Code   RO         6264    i.AT24CXX_WriteOneByte  24cxx.o
    0x08000e5e   0x00000002   PAD
    0x08000e60   0x0000008c   Code   RO         6194    i.Adc_Init          adc.o
    0x08000eec   0x000001e0   Code   RO         7302    i.AliIoT_Parameter_Init  mqtt.o
    0x080010cc   0x00000370   Code   RO         3272    i.AppTaskStart      app.o
    0x0800143c   0x00000010   Code   RO         3528    i.BSP_CPU_ClkFreq   bsp.o
    0x0800144c   0x00000270   Code   RO         3529    i.BSP_Init          bsp.o
    0x080016bc   0x00000004   Code   RO         3108    i.BusFault_Handler  stm32f10x_it.o
    0x080016c0   0x0000006c   Code   RO         7303    i.CMDBuf_Deal       mqtt.o
    0x0800172c   0x00000010   Code   RO         3572    i.CPU_Init          cpu_core.o
    0x0800173c   0x00000084   Code   RO         3573    i.CPU_IntDisMeasInit  cpu_core.o
    0x080017c0   0x0000001c   Code   RO         3574    i.CPU_IntDisMeasMaxCalc  cpu_core.o
    0x080017dc   0x0000002c   Code   RO         3575    i.CPU_IntDisMeasMaxCurGet  cpu_core.o
    0x08001808   0x0000002c   Code   RO         3576    i.CPU_IntDisMeasMaxCurReset  cpu_core.o
    0x08001834   0x0000002c   Code   RO         3577    i.CPU_IntDisMeasMaxGet  cpu_core.o
    0x08001860   0x00000034   Code   RO         3578    i.CPU_IntDisMeasStart  cpu_core.o
    0x08001894   0x00000054   Code   RO         3579    i.CPU_IntDisMeasStop  cpu_core.o
    0x080018e8   0x00000038   Code   RO         3580    i.CPU_NameClr       cpu_core.o
    0x08001920   0x00000008   Code   RO         3582    i.CPU_NameInit      cpu_core.o
    0x08001928   0x00000014   Code   RO         3586    i.CPU_TS_Init       cpu_core.o
    0x0800193c   0x0000000c   Code   RO         3588    i.CPU_TS_TmrFreqSet  cpu_core.o
    0x08001948   0x00000034   Code   RO         3530    i.CPU_TS_TmrInit    bsp.o
    0x0800197c   0x0000000c   Code   RO         3531    i.CPU_TS_TmrRd      bsp.o
    0x08001988   0x00000030   Code   RO         5579    i.CmdError          sdio_sdcard.o
    0x080019b8   0x00000060   Code   RO         5580    i.CmdResp1Error     sdio_sdcard.o
    0x08001a18   0x00000054   Code   RO         5581    i.CmdResp2Error     sdio_sdcard.o
    0x08001a6c   0x00000038   Code   RO         5582    i.CmdResp3Error     sdio_sdcard.o
    0x08001aa4   0x00000090   Code   RO         5583    i.CmdResp6Error     sdio_sdcard.o
    0x08001b34   0x0000004c   Code   RO         5584    i.CmdResp7Error     sdio_sdcard.o
    0x08001b80   0x00000018   Code   RO          868    i.DMA_Cmd           stm32f10x_dma.o
    0x08001b98   0x0000014c   Code   RO          869    i.DMA_DeInit        stm32f10x_dma.o
    0x08001ce4   0x0000003c   Code   RO          874    i.DMA_Init          stm32f10x_dma.o
    0x08001d20   0x00000064   Code   RO         6140    i.DS18B20_Check     ds18b20.o
    0x08001d84   0x0000008c   Code   RO         6141    i.DS18B20_Get_Temp  ds18b20.o
    0x08001e10   0x00000040   Code   RO         6142    i.DS18B20_Init      ds18b20.o
    0x08001e50   0x0000006c   Code   RO         6143    i.DS18B20_Read_Bit  ds18b20.o
    0x08001ebc   0x00000022   Code   RO         6144    i.DS18B20_Read_Byte  ds18b20.o
    0x08001ede   0x00000002   PAD
    0x08001ee0   0x00000044   Code   RO         6145    i.DS18B20_Rst       ds18b20.o
    0x08001f24   0x00000018   Code   RO         6146    i.DS18B20_Start     ds18b20.o
    0x08001f3c   0x00000074   Code   RO         6147    i.DS18B20_Write_Byte  ds18b20.o
    0x08001fb0   0x00000002   Code   RO         3109    i.DebugMon_Handler  stm32f10x_it.o
    0x08001fb2   0x00000002   PAD
    0x08001fb4   0x00000030   Code   RO         6218    i.EXTI15_10_IRQHandler  exti.o
    0x08001fe4   0x00000050   Code   RO         6219    i.EXTIX_Init        exti.o
    0x08002034   0x0000000c   Code   RO          939    i.EXTI_ClearITPendingBit  stm32f10x_exti.o
    0x08002040   0x00000028   Code   RO          943    i.EXTI_GetITStatus  stm32f10x_exti.o
    0x08002068   0x00000094   Code   RO          944    i.EXTI_Init         stm32f10x_exti.o
    0x080020fc   0x00000034   Code   RO         1177    i.FSMC_NORSRAMCmd   stm32f10x_fsmc.o
    0x08002130   0x000000e6   Code   RO         1179    i.FSMC_NORSRAMInit  stm32f10x_fsmc.o
    0x08002216   0x00000002   PAD
    0x08002218   0x00000194   Code   RO         5585    i.FindSCR           sdio_sdcard.o
    0x080023ac   0x00000040   Code   RO         1289    i.GPIO_EXTILineConfig  stm32f10x_gpio.o
    0x080023ec   0x00000116   Code   RO         1292    i.GPIO_Init         stm32f10x_gpio.o
    0x08002502   0x00000002   PAD
    0x08002504   0x00000090   Code   RO         1294    i.GPIO_PinRemapConfig  stm32f10x_gpio.o
    0x08002594   0x00000008   Code   RO         1295    i.GPIO_ReadInputData  stm32f10x_gpio.o
    0x0800259c   0x00000004   Code   RO         1299    i.GPIO_ResetBits    stm32f10x_gpio.o
    0x080025a0   0x00000004   Code   RO         1300    i.GPIO_SetBits      stm32f10x_gpio.o
    0x080025a4   0x00000004   Code   RO         1302    i.GPIO_Write        stm32f10x_gpio.o
    0x080025a8   0x0000000a   Code   RO         1303    i.GPIO_WriteBit     stm32f10x_gpio.o
    0x080025b2   0x00000002   PAD
    0x080025b4   0x00000034   Code   RO         6195    i.Get_Adc           adc.o
    0x080025e8   0x0000002e   Code   RO         6196    i.Get_Adc_Average   adc.o
    0x08002616   0x00000002   PAD
    0x08002618   0x00000180   Code   RO         5824    i.Get_HzMat         text.o
    0x08002798   0x00000004   Code   RO         3110    i.HardFault_Handler  stm32f10x_it.o
    0x0800279c   0x00000050   Code   RO         6311    i.IIC_Ack           myiic.o
    0x080027ec   0x00000038   Code   RO         6312    i.IIC_Init          myiic.o
    0x08002824   0x00000050   Code   RO         6313    i.IIC_NAck          myiic.o
    0x08002874   0x00000070   Code   RO         6314    i.IIC_Read_Byte     myiic.o
    0x080028e4   0x00000074   Code   RO         6315    i.IIC_Send_Byte     myiic.o
    0x08002958   0x0000004c   Code   RO         6316    i.IIC_Start         myiic.o
    0x080029a4   0x0000004c   Code   RO         6317    i.IIC_Stop          myiic.o
    0x080029f0   0x00000064   Code   RO         6318    i.IIC_Wait_Ack      myiic.o
    0x08002a54   0x00000004   Code   RO         6620    i.INTX_DISABLE      sys.o
    0x08002a58   0x00000004   Code   RO         6621    i.INTX_ENABLE       sys.o
    0x08002a5c   0x0000009c   Code   RO         5586    i.IsCardProgramming  sdio_sdcard.o
    0x08002af8   0x00000044   Code   RO         5187    i.KEY_Init          key.o
    0x08002b3c   0x0000006c   Code   RO         5215    i.LCD_Clear         lcd.o
    0x08002ba8   0x00000200   Code   RO         5219    i.LCD_Display_Dir   lcd.o
    0x08002da8   0x000000b0   Code   RO         5220    i.LCD_DrawLine      lcd.o
    0x08002e58   0x00000024   Code   RO         5221    i.LCD_DrawPoint     lcd.o
    0x08002e7c   0x0000003c   Code   RO         5222    i.LCD_DrawRectangle  lcd.o
    0x08002eb8   0x000001c8   Code   RO         5224    i.LCD_Fast_DrawPoint  lcd.o
    0x08003080   0x000000bc   Code   RO         5225    i.LCD_Fill          lcd.o
    0x0800313c   0x0000395c   Code   RO         5226    i.LCD_Init          lcd.o
    0x08006a98   0x00000016   Code   RO         5227    i.LCD_Pow           lcd.o
    0x08006aae   0x00000002   PAD
    0x08006ab0   0x00000014   Code   RO         5228    i.LCD_RD_DATA       lcd.o
    0x08006ac4   0x00000054   Code   RO         5231    i.LCD_SSD_BackLightSet  lcd.o
    0x08006b18   0x000002f8   Code   RO         5232    i.LCD_Scan_Dir      lcd.o
    0x08006e10   0x00000210   Code   RO         5233    i.LCD_SetCursor     lcd.o
    0x08007020   0x00000128   Code   RO         5235    i.LCD_ShowChar      lcd.o
    0x08007148   0x00000094   Code   RO         5236    i.LCD_ShowNum       lcd.o
    0x080071dc   0x00000066   Code   RO         5237    i.LCD_ShowString    lcd.o
    0x08007242   0x000000be   Code   RO         5238    i.LCD_ShowxNum      lcd.o
    0x08007300   0x0000000c   Code   RO         5239    i.LCD_WR_DATA       lcd.o
    0x0800730c   0x0000000c   Code   RO         5240    i.LCD_WR_REG        lcd.o
    0x08007318   0x00000014   Code   RO         5242    i.LCD_WriteRAM_Prepare  lcd.o
    0x0800732c   0x00000010   Code   RO         5243    i.LCD_WriteReg      lcd.o
    0x0800733c   0x0000000c   Code   RO         6365    i.LD3320_Config     ld3320.o
    0x08007348   0x0000003c   Code   RO         6367    i.LD3320_GPIO_Config  ld3320.o
    0x08007384   0x00000120   Code   RO         6368    i.LD3320_SPI_Config  ld3320.o
    0x080074a4   0x000001f4   Code   RO         6465    i.LD3320_Task       ld3320_test.o
    0x08007698   0x000000b8   Code   RO         6369    i.LD_AsrAddFixed    ld3320.o
    0x08007750   0x00000072   Code   RO         6370    i.LD_AsrRun         ld3320.o
    0x080077c2   0x00000008   Code   RO         6371    i.LD_AsrStart       ld3320.o
    0x080077ca   0x0000002a   Code   RO         6372    i.LD_Check_ASRBusyFlag_b2  ld3320.o
    0x080077f4   0x00000078   Code   RO         6373    i.LD_Init_ASR       ld3320.o
    0x0800786c   0x000000cc   Code   RO         6374    i.LD_Init_Common    ld3320.o
    0x08007938   0x00000040   Code   RO         6375    i.LD_ReadReg        ld3320.o
    0x08007978   0x00000034   Code   RO         6376    i.LD_Run            ld3320.o
    0x080079ac   0x00000028   Code   RO         6466    i.LD_Test           ld3320_test.o
    0x080079d4   0x0000003c   Code   RO         6377    i.LD_WriteReg       ld3320.o
    0x08007a10   0x00000058   Code   RO         6378    i.LD_reset          ld3320.o
    0x08007a68   0x00000060   Code   RO         5424    i.LED_Init          led.o
    0x08007ac8   0x0000006c   Code   RO         6239    i.MOTOR_Init        motor.o
    0x08007b34   0x0000009c   Code   RO         7304    i.MQTT_Buff_Init    mqtt.o
    0x08007bd0   0x00000104   Code   RO         7305    i.MQTT_Buff_ReInit  mqtt.o
    0x08007cd4   0x00000218   Code   RO         7306    i.MQTT_ConectPack   mqtt.o
    0x08007eec   0x0000010c   Code   RO         7307    i.MQTT_DealPushdata_Qs0  mqtt.o
    0x08007ff8   0x0000001c   Code   RO         7308    i.MQTT_PingREQ      mqtt.o
    0x08008014   0x000000ec   Code   RO         7309    i.MQTT_PublishQs0   mqtt.o
    0x08008100   0x00000098   Code   RO         7310    i.MQTT_Subscribe    mqtt.o
    0x08008198   0x00000040   Code   RO         3893    i.Math_Rand         lib_math.o
    0x080081d8   0x00000018   Code   RO         3894    i.Math_RandSeed     lib_math.o
    0x080081f0   0x00000004   Code   RO         3111    i.MemManage_Handler  stm32f10x_it.o
    0x080081f4   0x00000012   Code   RO         3928    i.Mem_Clr           lib_mem.o
    0x08008206   0x00000002   Code   RO         3930    i.Mem_Init          lib_mem.o
    0x08008208   0x00000062   Code   RO         3932    i.Mem_Set           lib_mem.o
    0x0800826a   0x00000002   Code   RO         3112    i.NMI_Handler       stm32f10x_it.o
    0x0800826c   0x00000070   Code   RO          137    i.NVIC_Init         misc.o
    0x080082dc   0x00000014   Code   RO          138    i.NVIC_PriorityGroupConfig  misc.o
    0x080082f0   0x00000002   Code   RO         4123    i.OSCfg_Init        os_cfg_app.o
    0x080082f2   0x00000002   PAD
    0x080082f4   0x000000e4   Code   RO         4407    i.OSFlagCreate      os_flag.o
    0x080083d8   0x00000690   Code   RO         4409    i.OSFlagPend        os_flag.o
    0x08008a68   0x0000009c   Code   RO         4412    i.OSFlagPost        os_flag.o
    0x08008b04   0x00000014   Code   RO         5109    i.OSIdleTaskHook    os_cpu_c.o
    0x08008b18   0x00000168   Code   RO         4146    i.OSInit            os_core.o
    0x08008c80   0x00000038   Code   RO         5110    i.OSInitHook        os_cpu_c.o
    0x08008cb8   0x0000002c   Code   RO         4147    i.OSIntEnter        os_core.o
    0x08008ce4   0x000000e4   Code   RO         4148    i.OSIntExit         os_core.o
    0x08008dc8   0x000000f0   Code   RO         4636    i.OSQCreate         os_q.o
    0x08008eb8   0x00000240   Code   RO         4639    i.OSQPend           os_q.o
    0x080090f8   0x000000b8   Code   RO         4641    i.OSQPost           os_q.o
    0x080091b0   0x000000a8   Code   RO         4149    i.OSSched           os_core.o
    0x08009258   0x0000007c   Code   RO         4150    i.OSSchedLock       os_core.o
    0x080092d4   0x000000a0   Code   RO         4153    i.OSSchedUnlock     os_core.o
    0x08009374   0x00000068   Code   RO         4154    i.OSStart           os_core.o
    0x080093dc   0x00000168   Code   RO         4714    i.OSStatReset       os_stat.o
    0x08009544   0x00000100   Code   RO         4715    i.OSStatTaskCPUUsageInit  os_stat.o
    0x08009644   0x00000014   Code   RO         5111    i.OSStatTaskHook    os_cpu_c.o
    0x08009658   0x00000294   Code   RO         4745    i.OSTaskCreate      os_task.o
    0x080098ec   0x00000018   Code   RO         5112    i.OSTaskCreateHook  os_cpu_c.o
    0x08009904   0x00000208   Code   RO         4746    i.OSTaskDel         os_task.o
    0x08009b0c   0x00000018   Code   RO         5113    i.OSTaskDelHook     os_cpu_c.o
    0x08009b24   0x00000088   Code   RO         4754    i.OSTaskResume      os_task.o
    0x08009bac   0x00000018   Code   RO         5114    i.OSTaskReturnHook  os_cpu_c.o
    0x08009bc4   0x00000250   Code   RO         4755    i.OSTaskSemPend     os_task.o
    0x08009e14   0x000000e4   Code   RO         4759    i.OSTaskStkChk      os_task.o
    0x08009ef8   0x000000c0   Code   RO         5115    i.OSTaskStkInit     os_cpu_c.o
    0x08009fb8   0x00000060   Code   RO         4760    i.OSTaskSuspend     os_task.o
    0x0800a018   0x000000a4   Code   RO         5116    i.OSTaskSwHook      os_cpu_c.o
    0x0800a0bc   0x00000150   Code   RO         4960    i.OSTimeDly         os_time.o
    0x0800a20c   0x00000044   Code   RO         4965    i.OSTimeTick        os_time.o
    0x0800a250   0x00000014   Code   RO         5117    i.OSTimeTickHook    os_cpu_c.o
    0x0800a264   0x00000040   Code   RO         5118    i.OS_CPU_SysTickHandler  os_cpu_c.o
    0x0800a2a4   0x00000030   Code   RO         5119    i.OS_CPU_SysTickInit  os_cpu_c.o
    0x0800a2d4   0x00000184   Code   RO         4392    i.OS_Dbg_Init       os_dbg.o
    0x0800a458   0x00000040   Code   RO         4413    i.OS_FlagBlock      os_flag.o
    0x0800a498   0x00000030   Code   RO         4415    i.OS_FlagDbgListAdd  os_flag.o
    0x0800a4c8   0x00000018   Code   RO         4417    i.OS_FlagInit       os_flag.o
    0x0800a4e0   0x0000027c   Code   RO         4418    i.OS_FlagPost       os_flag.o
    0x0800a75c   0x00000056   Code   RO         4419    i.OS_FlagTaskRdy    os_flag.o
    0x0800a7b2   0x00000002   PAD
    0x0800a7b4   0x0000004c   Code   RO         4156    i.OS_IdleTask       os_core.o
    0x0800a800   0x00000070   Code   RO         4157    i.OS_IdleTaskInit   os_core.o
    0x0800a870   0x00000104   Code   RO         4491    i.OS_IntQPost       os_int.o
    0x0800a974   0x00000190   Code   RO         4492    i.OS_IntQRePost     os_int.o
    0x0800ab04   0x000000c8   Code   RO         4493    i.OS_IntQTask       os_int.o
    0x0800abcc   0x00000128   Code   RO         4494    i.OS_IntQTaskInit   os_int.o
    0x0800acf4   0x0000007c   Code   RO         4527    i.OS_MsgPoolInit    os_msg.o
    0x0800ad70   0x00000044   Code   RO         4528    i.OS_MsgQFreeAll    os_msg.o
    0x0800adb4   0x00000068   Code   RO         4529    i.OS_MsgQGet        os_msg.o
    0x0800ae1c   0x0000000e   Code   RO         4530    i.OS_MsgQInit       os_msg.o
    0x0800ae2a   0x00000002   PAD
    0x0800ae2c   0x00000104   Code   RO         4531    i.OS_MsgQPut        os_msg.o
    0x0800af30   0x00000068   Code   RO         4158    i.OS_Pend           os_core.o
    0x0800af98   0x00000026   Code   RO         4161    i.OS_PendDataInit   os_core.o
    0x0800afbe   0x00000002   PAD
    0x0800afc0   0x0000005c   Code   RO         4162    i.OS_PendDbgNameAdd  os_core.o
    0x0800b01c   0x00000024   Code   RO         4163    i.OS_PendDbgNameRemove  os_core.o
    0x0800b040   0x0000000a   Code   RO         4165    i.OS_PendListInit   os_core.o
    0x0800b04a   0x00000066   Code   RO         4167    i.OS_PendListInsertPrio  os_core.o
    0x0800b0b0   0x00000030   Code   RO         4168    i.OS_PendListRemove  os_core.o
    0x0800b0e0   0x00000042   Code   RO         4169    i.OS_PendListRemove1  os_core.o
    0x0800b122   0x000000c0   Code   RO         4172    i.OS_Post           os_core.o
    0x0800b1e2   0x0000002a   Code   RO         4173    i.OS_Post1          os_core.o
    0x0800b20c   0x00000028   Code   RO         4599    i.OS_PrioGetHighest  os_prio.o
    0x0800b234   0x00000018   Code   RO         4600    i.OS_PrioInit       os_prio.o
    0x0800b24c   0x00000024   Code   RO         4601    i.OS_PrioInsert     os_prio.o
    0x0800b270   0x00000024   Code   RO         4602    i.OS_PrioRemove     os_prio.o
    0x0800b294   0x00000030   Code   RO         4643    i.OS_QDbgListAdd    os_q.o
    0x0800b2c4   0x00000018   Code   RO         4645    i.OS_QInit          os_q.o
    0x0800b2dc   0x00000188   Code   RO         4646    i.OS_QPost          os_q.o
    0x0800b464   0x00000024   Code   RO         4174    i.OS_RdyListInit    os_core.o
    0x0800b488   0x0000002c   Code   RO         4175    i.OS_RdyListInsert  os_core.o
    0x0800b4b4   0x00000040   Code   RO         4176    i.OS_RdyListInsertHead  os_core.o
    0x0800b4f4   0x0000003c   Code   RO         4177    i.OS_RdyListInsertTail  os_core.o
    0x0800b530   0x00000044   Code   RO         4178    i.OS_RdyListMoveHeadToTail  os_core.o
    0x0800b574   0x0000005c   Code   RO         4179    i.OS_RdyListRemove  os_core.o
    0x0800b5d0   0x0000005c   Code   RO         4180    i.OS_Sched0         os_core.o
    0x0800b62c   0x0000001c   Code   RO         4181    i.OS_SchedLockTimeMeasStart  os_core.o
    0x0800b648   0x0000003c   Code   RO         4182    i.OS_SchedLockTimeMeasStop  os_core.o
    0x0800b684   0x000000ec   Code   RO         4183    i.OS_SchedRoundRobin  os_core.o
    0x0800b770   0x000003b8   Code   RO         4716    i.OS_StatTask       os_stat.o
    0x0800bb28   0x000000cc   Code   RO         4717    i.OS_StatTaskInit   os_stat.o
    0x0800bbf4   0x00000038   Code   RO         4184    i.OS_TaskBlock      os_core.o
    0x0800bc2c   0x00000030   Code   RO         4762    i.OS_TaskDbgListAdd  os_task.o
    0x0800bc5c   0x00000044   Code   RO         4763    i.OS_TaskDbgListRemove  os_task.o
    0x0800bca0   0x00000020   Code   RO         4764    i.OS_TaskInit       os_task.o
    0x0800bcc0   0x000000d0   Code   RO         4765    i.OS_TaskInitTCB    os_task.o
    0x0800bd90   0x0000026c   Code   RO         4766    i.OS_TaskQPost      os_task.o
    0x0800bffc   0x0000001c   Code   RO         4185    i.OS_TaskRdy        os_core.o
    0x0800c018   0x0000017c   Code   RO         4767    i.OS_TaskResume     os_task.o
    0x0800c194   0x00000018   Code   RO         4768    i.OS_TaskReturn     os_task.o
    0x0800c1ac   0x000005a8   Code   RO         4769    i.OS_TaskSemPost    os_task.o
    0x0800c754   0x00000190   Code   RO         4770    i.OS_TaskSuspend    os_task.o
    0x0800c8e4   0x00000028   Code   RO         4912    i.OS_TickListInit   os_tick.o
    0x0800c90c   0x000001bc   Code   RO         4913    i.OS_TickListInsert  os_tick.o
    0x0800cac8   0x00000038   Code   RO         4914    i.OS_TickListRemove  os_tick.o
    0x0800cb00   0x00000024   Code   RO         4915    i.OS_TickListResetPeak  os_tick.o
    0x0800cb24   0x00000220   Code   RO         4916    i.OS_TickListUpdate  os_tick.o
    0x0800cd44   0x0000002c   Code   RO         4917    i.OS_TickTask       os_tick.o
    0x0800cd70   0x000000b8   Code   RO         4918    i.OS_TickTaskInit   os_tick.o
    0x0800ce28   0x00000128   Code   RO         5011    i.OS_TmrInit        os_tmr.o
    0x0800cf50   0x000000d0   Code   RO         5012    i.OS_TmrLink        os_tmr.o
    0x0800d020   0x00000024   Code   RO         5013    i.OS_TmrResetPeak   os_tmr.o
    0x0800d044   0x000000c0   Code   RO         5014    i.OS_TmrTask        os_tmr.o
    0x0800d104   0x00000050   Code   RO         5015    i.OS_TmrUnlink      os_tmr.o
    0x0800d154   0x0000002c   Code   RO         6467    i.PrintCom          ld3320_test.o
    0x0800d180   0x00000018   Code   RO         1706    i.RCC_ADCCLKConfig  stm32f10x_rcc.o
    0x0800d198   0x00000020   Code   RO         1707    i.RCC_AHBPeriphClockCmd  stm32f10x_rcc.o
    0x0800d1b8   0x00000020   Code   RO         1708    i.RCC_APB1PeriphClockCmd  stm32f10x_rcc.o
    0x0800d1d8   0x00000020   Code   RO         1709    i.RCC_APB1PeriphResetCmd  stm32f10x_rcc.o
    0x0800d1f8   0x00000020   Code   RO         1710    i.RCC_APB2PeriphClockCmd  stm32f10x_rcc.o
    0x0800d218   0x00000020   Code   RO         1711    i.RCC_APB2PeriphResetCmd  stm32f10x_rcc.o
    0x0800d238   0x000000d4   Code   RO         1718    i.RCC_GetClocksFreq  stm32f10x_rcc.o
    0x0800d30c   0x00000034   Code   RO         5425    i.RELAY_Init        led.o
    0x0800d340   0x000000ac   Code   RO         5587    i.SDEnWideBus       sdio_sdcard.o
    0x0800d3ec   0x0000000c   Code   RO         1997    i.SDIO_ClearFlag    stm32f10x_sdio.o
    0x0800d3f8   0x0000000c   Code   RO         1999    i.SDIO_ClockCmd     stm32f10x_sdio.o
    0x0800d404   0x00000014   Code   RO         5588    i.SDIO_Clock_Set    sdio_sdcard.o
    0x0800d418   0x0000000c   Code   RO         2002    i.SDIO_DMACmd       stm32f10x_sdio.o
    0x0800d424   0x00000030   Code   RO         2003    i.SDIO_DataConfig   stm32f10x_sdio.o
    0x0800d454   0x00000024   Code   RO         2005    i.SDIO_DeInit       stm32f10x_sdio.o
    0x0800d478   0x00000018   Code   RO         2009    i.SDIO_GetFlagStatus  stm32f10x_sdio.o
    0x0800d490   0x00000010   Code   RO         2011    i.SDIO_GetPowerState  stm32f10x_sdio.o
    0x0800d4a0   0x00000008   Code   RO         5589    i.SDIO_IRQHandler   sdio_sdcard.o
    0x0800d4a8   0x00000030   Code   RO         2014    i.SDIO_Init         stm32f10x_sdio.o
    0x0800d4d8   0x0000000c   Code   RO         2015    i.SDIO_ReadData     stm32f10x_sdio.o
    0x0800d4e4   0x0000002c   Code   RO         2017    i.SDIO_SendCommand  stm32f10x_sdio.o
    0x0800d510   0x0000001c   Code   RO         2019    i.SDIO_SetPowerState  stm32f10x_sdio.o
    0x0800d52c   0x0000000c   Code   RO         2025    i.SDIO_WriteData    stm32f10x_sdio.o
    0x0800d538   0x00000068   Code   RO         5590    i.SD_DMA_Config     sdio_sdcard.o
    0x0800d5a0   0x00000068   Code   RO         5591    i.SD_EnableWideBusOperation  sdio_sdcard.o
    0x0800d608   0x00000314   Code   RO         5592    i.SD_GetCardInfo    sdio_sdcard.o
    0x0800d91c   0x00000100   Code   RO         5594    i.SD_Init           sdio_sdcard.o
    0x0800da1c   0x00000154   Code   RO         5595    i.SD_InitializeCards  sdio_sdcard.o
    0x0800db70   0x000001dc   Code   RO         5597    i.SD_PowerON        sdio_sdcard.o
    0x0800dd4c   0x0000013c   Code   RO         5598    i.SD_ProcessIRQSrc  sdio_sdcard.o
    0x0800de88   0x00000258   Code   RO         5599    i.SD_ReadBlock      sdio_sdcard.o
    0x0800e0e0   0x00000098   Code   RO         5600    i.SD_ReadDisk       sdio_sdcard.o
    0x0800e178   0x000002e8   Code   RO         5601    i.SD_ReadMultiBlocks  sdio_sdcard.o
    0x0800e460   0x00000030   Code   RO         5602    i.SD_SelectDeselect  sdio_sdcard.o
    0x0800e490   0x00000018   Code   RO         5604    i.SD_SetDeviceMode  sdio_sdcard.o
    0x0800e4a8   0x00000374   Code   RO         5605    i.SD_WriteBlock     sdio_sdcard.o
    0x0800e81c   0x00000098   Code   RO         5606    i.SD_WriteDisk      sdio_sdcard.o
    0x0800e8b4   0x000003c0   Code   RO         5607    i.SD_WriteMultiBlocks  sdio_sdcard.o
    0x0800ec74   0x0000008c   Code   RO         5779    i.SPI1_Init         spi.o
    0x0800ed00   0x00000054   Code   RO         5780    i.SPI1_ReadWriteByte  spi.o
    0x0800ed54   0x00000028   Code   RO         5781    i.SPI1_SetSpeed     spi.o
    0x0800ed7c   0x00000094   Code   RO         5782    i.SPI2_Init         spi.o
    0x0800ee10   0x00000054   Code   RO         5783    i.SPI2_ReadWriteByte  spi.o
    0x0800ee64   0x00000028   Code   RO         5784    i.SPI2_SetSpeed     spi.o
    0x0800ee8c   0x00000018   Code   RO         2187    i.SPI_Cmd           stm32f10x_spi.o
    0x0800eea4   0x00000012   Code   RO         2195    i.SPI_I2S_GetFlagStatus  stm32f10x_spi.o
    0x0800eeb6   0x00000006   Code   RO         2198    i.SPI_I2S_ReceiveData  stm32f10x_spi.o
    0x0800eebc   0x00000004   Code   RO         2199    i.SPI_I2S_SendData  stm32f10x_spi.o
    0x0800eec0   0x0000003c   Code   RO         2200    i.SPI_Init          stm32f10x_spi.o
    0x0800eefc   0x00000002   Code   RO         3114    i.SVC_Handler       stm32f10x_it.o
    0x0800eefe   0x0000007a   Code   RO         6468    i.SYN_Play          ld3320_test.o
    0x0800ef78   0x00000008   Code   RO           24    i.SetSysClock       system_stm32f10x.o
    0x0800ef80   0x000000e0   Code   RO           25    i.SetSysClockTo72   system_stm32f10x.o
    0x0800f060   0x000000c8   Code   RO         5825    i.Show_Font         text.o
    0x0800f128   0x000000c2   Code   RO         5826    i.Show_Str          text.o
    0x0800f1ea   0x00000028   Code   RO          141    i.SysTick_CLKSourceConfig  misc.o
    0x0800f212   0x00000002   PAD
    0x0800f214   0x00000060   Code   RO           27    i.SystemInit        system_stm32f10x.o
    0x0800f274   0x00000078   Code   RO         7398    i.TIM3_ENABLE_2S    timer3.o
    0x0800f2ec   0x00000078   Code   RO         7399    i.TIM3_ENABLE_30S   timer3.o
    0x0800f364   0x00000074   Code   RO         3115    i.TIM3_IRQHandler   stm32f10x_it.o
    0x0800f3d8   0x000000a0   Code   RO         3116    i.TIM4_IRQHandler   stm32f10x_it.o
    0x0800f478   0x00000070   Code   RO         7416    i.TIM4_Init         timer4.o
    0x0800f4e8   0x00000006   Code   RO         2337    i.TIM_ClearITPendingBit  stm32f10x_tim.o
    0x0800f4ee   0x00000018   Code   RO         2342    i.TIM_Cmd           stm32f10x_tim.o
    0x0800f506   0x00000002   PAD
    0x0800f508   0x000001e8   Code   RO         2347    i.TIM_DeInit        stm32f10x_tim.o
    0x0800f6f0   0x00000022   Code   RO         2363    i.TIM_GetITStatus   stm32f10x_tim.o
    0x0800f712   0x00000012   Code   RO         2367    i.TIM_ITConfig      stm32f10x_tim.o
    0x0800f724   0x00000004   Code   RO         2407    i.TIM_SetCounter    stm32f10x_tim.o
    0x0800f728   0x000000a4   Code   RO         2413    i.TIM_TimeBaseInit  stm32f10x_tim.o
    0x0800f7cc   0x00000148   Code   RO         3273    i.Task1             app.o
    0x0800f914   0x00000398   Code   RO         3274    i.Task10            app.o
    0x0800fcac   0x0000038c   Code   RO         3275    i.Task2             app.o
    0x08010038   0x000001f4   Code   RO         3276    i.Task3             app.o
    0x0801022c   0x000003c8   Code   RO         3277    i.Task4             app.o
    0x080105f4   0x000002e8   Code   RO         3278    i.Task5             app.o
    0x080108dc   0x000000b8   Code   RO         3279    i.Task6             app.o
    0x08010994   0x0000006c   Code   RO         3280    i.Task7             app.o
    0x08010a00   0x00000138   Code   RO         3281    i.Task8             app.o
    0x08010b38   0x00000448   Code   RO         3282    i.Task9             app.o
    0x08010f80   0x00000064   Code   RO         7311    i.TxDataBuf_Deal    mqtt.o
    0x08010fe4   0x00000090   Code   RO         6647    i.USART1_IRQHandler  usart.o
    0x08011074   0x00000084   Code   RO         3117    i.USART2_IRQHandler  stm32f10x_it.o
    0x080110f8   0x00000012   Code   RO         2874    i.USART_ClearFlag   stm32f10x_usart.o
    0x0801110a   0x00000018   Code   RO         2878    i.USART_Cmd         stm32f10x_usart.o
    0x08011122   0x00000002   PAD
    0x08011124   0x0000009c   Code   RO         2880    i.USART_DeInit      stm32f10x_usart.o
    0x080111c0   0x00000054   Code   RO         2882    i.USART_GetITStatus  stm32f10x_usart.o
    0x08011214   0x0000004a   Code   RO         2884    i.USART_ITConfig    stm32f10x_usart.o
    0x0801125e   0x00000002   PAD
    0x08011260   0x000000d8   Code   RO         2885    i.USART_Init        stm32f10x_usart.o
    0x08011338   0x0000000a   Code   RO         2892    i.USART_ReceiveData  stm32f10x_usart.o
    0x08011342   0x00000004   Code   RO         3118    i.UsageFault_Handler  stm32f10x_it.o
    0x08011346   0x00000002   PAD
    0x08011348   0x000000b8   Code   RO         7431    i.Usart2_Init       usart2.o
    0x08011400   0x00000010   Code   RO         5859    i.VS_Get_DecodeTime  vs10xx.o
    0x08011410   0x0000000c   Code   RO         5860    i.VS_Get_EndFillByte  vs10xx.o
    0x0801141c   0x000000ac   Code   RO         5861    i.VS_Get_HeadInfo   vs10xx.o
    0x080114c8   0x00000060   Code   RO         5862    i.VS_HD_Reset       vs10xx.o
    0x08011528   0x00000060   Code   RO         5863    i.VS_Init           vs10xx.o
    0x08011588   0x00000070   Code   RO         5864    i.VS_Load_Patch     vs10xx.o
    0x080115f8   0x00000064   Code   RO         5865    i.VS_RD_Reg         vs10xx.o
    0x0801165c   0x00000014   Code   RO         5867    i.VS_Reset_DecodeTime  vs10xx.o
    0x08011670   0x000000b6   Code   RO         5868    i.VS_Restart_Play   vs10xx.o
    0x08011726   0x0000000c   Code   RO         5869    i.VS_SPI_ReadWriteByte  vs10xx.o
    0x08011732   0x0000000a   Code   RO         5870    i.VS_SPI_SpeedHigh  vs10xx.o
    0x0801173c   0x0000000a   Code   RO         5871    i.VS_SPI_SpeedLow   vs10xx.o
    0x08011746   0x0000001a   Code   RO         5872    i.VS_SPK_Set        vs10xx.o
    0x08011760   0x0000003c   Code   RO         5873    i.VS_Send_MusicData  vs10xx.o
    0x0801179c   0x00000030   Code   RO         5874    i.VS_Set_All        vs10xx.o
    0x080117cc   0x00000066   Code   RO         5875    i.VS_Set_Bass       vs10xx.o
    0x08011832   0x00000036   Code   RO         5876    i.VS_Set_Effect     vs10xx.o
    0x08011868   0x00000026   Code   RO         5878    i.VS_Set_Vol        vs10xx.o
    0x0801188e   0x00000002   PAD
    0x08011890   0x00000140   Code   RO         5879    i.VS_Sine_Test      vs10xx.o
    0x080119d0   0x00000080   Code   RO         5880    i.VS_Soft_Reset     vs10xx.o
    0x08011a50   0x00000018   Code   RO         5881    i.VS_WRAM_Read      vs10xx.o
    0x08011a68   0x00000028   Code   RO         5882    i.VS_WRAM_Write     vs10xx.o
    0x08011a90   0x00000054   Code   RO         5883    i.VS_WR_Cmd         vs10xx.o
    0x08011ae4   0x00000058   Code   RO         6038    i.W25QXX_Erase_Sector  w25qxx.o
    0x08011b3c   0x00000058   Code   RO         6039    i.W25QXX_Init       w25qxx.o
    0x08011b94   0x00000050   Code   RO         6041    i.W25QXX_Read       w25qxx.o
    0x08011be4   0x00000048   Code   RO         6042    i.W25QXX_ReadID     w25qxx.o
    0x08011c2c   0x0000002c   Code   RO         6043    i.W25QXX_ReadSR     w25qxx.o
    0x08011c58   0x00000012   Code   RO         6045    i.W25QXX_Wait_Busy  w25qxx.o
    0x08011c6a   0x00000002   PAD
    0x08011c6c   0x000000b8   Code   RO         6046    i.W25QXX_Write      w25qxx.o
    0x08011d24   0x00000020   Code   RO         6048    i.W25QXX_Write_Enable  w25qxx.o
    0x08011d44   0x00000046   Code   RO         6049    i.W25QXX_Write_NoCheck  w25qxx.o
    0x08011d8a   0x00000002   PAD
    0x08011d8c   0x00000054   Code   RO         6050    i.W25QXX_Write_Page  w25qxx.o
    0x08011de0   0x000002f0   Code   RO         7466    i.WiFi_Connect_IoTServer  wifi.o
    0x080120d0   0x00000154   Code   RO         7467    i.WiFi_Connect_Server  wifi.o
    0x08012224   0x0000009c   Code   RO         7468    i.WiFi_JoinAP       wifi.o
    0x080122c0   0x00000070   Code   RO         7469    i.WiFi_Reset        wifi.o
    0x08012330   0x00000034   Code   RO         7470    i.WiFi_ResetIO_Init  wifi.o
    0x08012364   0x00000074   Code   RO         7471    i.WiFi_SendCmd      wifi.o
    0x080123d8   0x00000020   Code   RO         7939    i.__0printf         mc_w.l(printfa.o)
    0x080123f8   0x00000028   Code   RO         7941    i.__0sprintf        mc_w.l(printfa.o)
    0x08012420   0x00000024   Code   RO         7945    i.__0vsprintf       mc_w.l(printfa.o)
    0x08012444   0x0000000e   Code   RO         8030    i.__scatterload_copy  mc_w.l(handlers.o)
    0x08012452   0x00000002   Code   RO         8031    i.__scatterload_null  mc_w.l(handlers.o)
    0x08012454   0x0000000e   Code   RO         8032    i.__scatterload_zeroinit  mc_w.l(handlers.o)
    0x08012462   0x00000002   PAD
    0x08012464   0x00000164   Code   RO         7946    i._fp_digits        mc_w.l(printfa.o)
    0x080125c8   0x000006dc   Code   RO         7947    i._printf_core      mc_w.l(printfa.o)
    0x08012ca4   0x00000024   Code   RO         7948    i._printf_post_padding  mc_w.l(printfa.o)
    0x08012cc8   0x0000002e   Code   RO         7949    i._printf_pre_padding  mc_w.l(printfa.o)
    0x08012cf6   0x0000000a   Code   RO         7951    i._sputc            mc_w.l(printfa.o)
    0x08012d00   0x0000001a   Code   RO         6752    i.char_upper        exfuns.o
    0x08012d1a   0x00000002   PAD
    0x08012d1c   0x00000090   Code   RO         6932    i.check_fs          ff.o
    0x08012dac   0x00000014   Code   RO         6933    i.chk_chr           ff.o
    0x08012dc0   0x00000032   Code   RO         6934    i.clmt_clust        ff.o
    0x08012df2   0x0000001a   Code   RO         6935    i.clust2sect        ff.o
    0x08012e0c   0x00000090   Code   RO         6936    i.cmp_lfn           ff.o
    0x08012e9c   0x00000012   Code   RO         5608    i.convert_from_bytes_to_power_of_two  sdio_sdcard.o
    0x08012eae   0x000000d6   Code   RO         6937    i.create_chain      ff.o
    0x08012f84   0x00000270   Code   RO         6938    i.create_name       ff.o
    0x080131f4   0x000000c0   Code   RO         6564    i.delay_init        delay.o
    0x080132b4   0x00000050   Code   RO         6565    i.delay_ms          delay.o
    0x08013304   0x0000000a   Code   RO         6566    i.delay_osschedlock  delay.o
    0x0801330e   0x0000000a   Code   RO         6567    i.delay_osschedunlock  delay.o
    0x08013318   0x00000010   Code   RO         6568    i.delay_ostimedly   delay.o
    0x08013328   0x0000005c   Code   RO         6569    i.delay_us          delay.o
    0x08013384   0x00000048   Code   RO         6570    i.delay_uus         delay.o
    0x080133cc   0x0000005c   Code   RO         6939    i.dir_alloc         ff.o
    0x08013428   0x000000ea   Code   RO         6940    i.dir_find          ff.o
    0x08013512   0x0000010e   Code   RO         6941    i.dir_next          ff.o
    0x08013620   0x000000c6   Code   RO         6942    i.dir_read          ff.o
    0x080136e6   0x0000012a   Code   RO         6943    i.dir_register      ff.o
    0x08013810   0x0000009e   Code   RO         6945    i.dir_sdi           ff.o
    0x080138ae   0x00000002   PAD
    0x080138b0   0x00000038   Code   RO         6688    i.disk_initialize   diskio.o
    0x080138e8   0x000000b4   Code   RO         6689    i.disk_ioctl        diskio.o
    0x0801399c   0x0000007a   Code   RO         6690    i.disk_read         diskio.o
    0x08013a16   0x00000006   Code   RO         6691    i.disk_status       diskio.o
    0x08013a1c   0x0000007a   Code   RO         6692    i.disk_write        diskio.o
    0x08013a96   0x00000002   PAD
    0x08013a98   0x00000084   Code   RO         6754    i.exfuns_init       exfuns.o
    0x08013b1c   0x00000020   Code   RO         6947    i.f_close           ff.o
    0x08013b3c   0x000002ac   Code   RO         6952    i.f_lseek           ff.o
    0x08013de8   0x0000017c   Code   RO         6953    i.f_mkdir           ff.o
    0x08013f64   0x0000005c   Code   RO         6955    i.f_mount           ff.o
    0x08013fc0   0x00000180   Code   RO         6956    i.f_open            ff.o
    0x08014140   0x00000088   Code   RO         6957    i.f_opendir         ff.o
    0x080141c8   0x000001b0   Code   RO         6961    i.f_read            ff.o
    0x08014378   0x00000072   Code   RO         6962    i.f_readdir         ff.o
    0x080143ea   0x000000b0   Code   RO         6966    i.f_sync            ff.o
    0x0801449a   0x00000002   PAD
    0x0801449c   0x000000c0   Code   RO         6755    i.f_typetell        exfuns.o
    0x0801455c   0x000001ea   Code   RO         6970    i.f_write           ff.o
    0x08014746   0x00000002   PAD
    0x08014748   0x0000007c   Code   RO         7273    i.ff_convert        cc936.o
    0x080147c4   0x0000000e   Code   RO         6693    i.ff_memalloc       diskio.o
    0x080147d2   0x0000000e   Code   RO         6694    i.ff_memfree        diskio.o
    0x080147e0   0x00000038   Code   RO         7274    i.ff_wtoupper       cc936.o
    0x08014818   0x00000394   Code   RO         6971    i.find_volume       ff.o
    0x08014bac   0x00000080   Code   RO         6972    i.fit_lfn           ff.o
    0x08014c2c   0x00000090   Code   RO         6973    i.follow_path       ff.o
    0x08014cbc   0x0000001c   Code   RO         6649    i.fputc             usart.o
    0x08014cd8   0x000000cc   Code   RO         6974    i.gen_numname       ff.o
    0x08014da4   0x000000f2   Code   RO         6975    i.get_fat           ff.o
    0x08014e96   0x00000004   Code   RO         6695    i.get_fattime       diskio.o
    0x08014e9a   0x00000110   Code   RO         6976    i.get_fileinfo      ff.o
    0x08014faa   0x0000004a   Code   RO         6977    i.get_ldnumber      ff.o
    0x08014ff4   0x000000b4   Code   RO         5188    i.keyhandle         key.o
    0x080150a8   0x000000a4   Code   RO         5189    i.keyscan           key.o
    0x0801514c   0x00000020   Code   RO         6978    i.ld_clust          ff.o
    0x0801516c   0x00000060   Code   RO         3283    i.main              app.o
    0x080151cc   0x00000026   Code   RO         6979    i.mem_cmp           ff.o
    0x080151f2   0x0000001a   Code   RO         6980    i.mem_cpy           ff.o
    0x0801520c   0x00000014   Code   RO         6981    i.mem_set           ff.o
    0x08015220   0x00000034   Code   RO         6982    i.move_window       ff.o
    0x08015254   0x00000074   Code   RO         5512    i.mp3_get_tnum      mp3player.o
    0x080152c8   0x00000040   Code   RO         5513    i.mp3_index_show    mp3player.o
    0x08015308   0x00000164   Code   RO         5514    i.mp3_msg_show      mp3player.o
    0x0801546c   0x000003f8   Code   RO         5515    i.mp3_play          mp3player.o
    0x08015864   0x000001ec   Code   RO         5516    i.mp3_play_song     mp3player.o
    0x08015a50   0x00000038   Code   RO         5517    i.mp3_vol_show      mp3player.o
    0x08015a88   0x0000006c   Code   RO         5442    i.my_mem_free       malloc.o
    0x08015af4   0x00000044   Code   RO         5443    i.my_mem_init       malloc.o
    0x08015b38   0x000000a8   Code   RO         5444    i.my_mem_malloc     malloc.o
    0x08015be0   0x00000040   Code   RO         5445    i.my_mem_perused    malloc.o
    0x08015c20   0x00000024   Code   RO         5446    i.myfree            malloc.o
    0x08015c44   0x00000028   Code   RO         5447    i.mymalloc          malloc.o
    0x08015c6c   0x00000014   Code   RO         5449    i.mymemset          malloc.o
    0x08015c80   0x00000074   Code   RO         6983    i.pick_lfn          ff.o
    0x08015cf4   0x00000142   Code   RO         6984    i.put_fat           ff.o
    0x08015e36   0x000000c6   Code   RO         6510    i.rec_play_wav      recorder.o
    0x08015efc   0x00000058   Code   RO         6511    i.recoder_enter_rec_mode  recorder.o
    0x08015f54   0x00000054   Code   RO         6512    i.recoder_new_pathname  recorder.o
    0x08015fa8   0x00000428   Code   RO         6513    i.recoder_play      recorder.o
    0x080163d0   0x00000060   Code   RO         6514    i.recoder_show_agc  recorder.o
    0x08016430   0x00000074   Code   RO         6515    i.recoder_show_time  recorder.o
    0x080164a4   0x00000050   Code   RO         6516    i.recoder_wav_init  recorder.o
    0x080164f4   0x0000006c   Code   RO         6986    i.remove_chain      ff.o
    0x08016560   0x00000038   Code   RO         6379    i.spi_send_byte     ld3320.o
    0x08016598   0x00000010   Code   RO         6987    i.st_clust          ff.o
    0x080165a8   0x0000009c   Code   RO         6240    i.stepper           motor.o
    0x08016644   0x00000020   Code   RO         6988    i.sum_sfn           ff.o
    0x08016664   0x000000c8   Code   RO         6989    i.sync_fs           ff.o
    0x0801672c   0x00000052   Code   RO         6990    i.sync_window       ff.o
    0x0801677e   0x00000002   PAD
    0x08016780   0x00000040   Code   RO         7432    i.u2_TxData         usart2.o
    0x080167c0   0x0000005c   Code   RO         7433    i.u2_printf         usart2.o
    0x0801681c   0x000000a0   Code   RO         6650    i.uart_init         usart.o
    0x080168bc   0x00000018   Code   RO         7558    i.utils_hb2hex      utils_md5.o
    0x080168d4   0x000000e8   Code   RO         7525    i.utils_hmac_sha1   utils_hmac.o
    0x080169bc   0x000000e8   Code   RO         7626    i.utils_sha1_finish  utils_sha1.o
    0x08016aa4   0x0000000e   Code   RO         7628    i.utils_sha1_init   utils_sha1.o
    0x08016ab2   0x00000002   PAD
    0x08016ab4   0x0000191c   Code   RO         7629    i.utils_sha1_process  utils_sha1.o
    0x080183d0   0x0000002c   Code   RO         7630    i.utils_sha1_starts  utils_sha1.o
    0x080183fc   0x0000007c   Code   RO         7631    i.utils_sha1_update  utils_sha1.o
    0x08018478   0x00000036   Code   RO         6991    i.validate          ff.o
    0x080184ae   0x00000002   PAD
    0x080184b0   0x000000a4   Data   RO         4125    .constdata          os_cfg_app.o
    0x08018554   0x0000016c   Data   RO         4393    .constdata          os_dbg.o
    0x080186c0   0x000017c0   Data   RO         5246    .constdata          lcd.o
    0x08019e80   0x00000018   Data   RO         5454    .constdata          malloc.o
    0x08019e98   0x00002a72   Data   RO         5518    .constdata          mp3player.o
    0x0801c90a   0x00000040   Data   RO         5885    .constdata          vs10xx.o
    0x0801c94a   0x00000002   PAD
    0x0801c94c   0x00000096   Data   RO         6380    .constdata          ld3320.o
    0x0801c9e2   0x00000050   Data   RO         6517    .constdata          recorder.o
    0x0801ca32   0x00000002   PAD
    0x0801ca34   0x00000138   Data   RO         6757    .constdata          exfuns.o
    0x0801cb6c   0x0000003a   Data   RO         6992    .constdata          ff.o
    0x0801cba6   0x0002acc8   Data   RO         7275    .constdata          cc936.o
    0x0804786e   0x00000040   Data   RO         7633    .constdata          utils_sha1.o
    0x080478ae   0x00000002   PAD
    0x080478b0   0x000000b8   Data   RO         3285    .conststring        app.o
    0x08047968   0x00000064   Data   RO         6758    .conststring        exfuns.o
    0x080479cc   0x00000020   Data   RO         8028    Region$$Table       anon$$obj.o


    Execution Region RW_IRAM1 (Base: 0x20000000, Size: 0x0000edb0, Max: 0x00010000, ABSOLUTE, COMPRESSED[0x00000064])

    Base Addr    Size         Type   Attr      Idx    E Section Name        Object

    0x20000000   0x00000014   Data   RW           28    .data               system_stm32f10x.o
    0x20000014   0x00000014   Data   RW         1738    .data               stm32f10x_rcc.o
    0x20000028   0x00000002   Data   RW         3286    .data               app.o
    0x2000002a   0x00000002   PAD
    0x2000002c   0x0000001c   Data   RW         3592    .data               cpu_core.o
    0x20000048   0x00000004   Data   RW         3896    .data               lib_math.o
    0x2000004c   0x00000004   Data   RW         4603    .data               os_prio.o
    0x20000050   0x000000b8   Data   RW         5093    .data               os_var.o
    0x20000108   0x00000004   Data   RW         5120    .data               os_cpu_c.o
    0x2000010c   0x00000002   Data   RW         5190    .data               key.o
    0x2000010e   0x00000004   Data   RW         5247    .data               lcd.o
    0x20000112   0x00000002   PAD
    0x20000114   0x0000001c   Data   RW         5455    .data               malloc.o
    0x20000130   0x00000006   Data   RW         5519    .data               mp3player.o
    0x20000136   0x00000002   PAD
    0x20000138   0x00000010   Data   RW         5610    .data               sdio_sdcard.o
    0x20000148   0x00000002   Data   RW         5829    .data               text.o
    0x2000014a   0x00000008   Data   RW         5886    .data               vs10xx.o
    0x20000152   0x00000002   Data   RW         6053    .data               w25qxx.o
    0x20000154   0x00000002   Data   RW         6220    .data               exti.o
    0x20000156   0x00000001   Data   RW         6381    .data               ld3320.o
    0x20000157   0x00000026   Data   RW         6471    .data               ld3320_test.o
    0x2000017d   0x00000001   Data   RW         6518    .data               recorder.o
    0x2000017e   0x00000004   Data   RW         6571    .data               delay.o
    0x20000182   0x00000002   PAD
    0x20000184   0x00000006   Data   RW         6652    .data               usart.o
    0x2000018a   0x00000002   Data   RW         6696    .data               diskio.o
    0x2000018c   0x0000001c   Data   RW         6759    .data               exfuns.o
    0x200001a8   0x0000000a   Data   RW         6993    .data               ff.o
    0x200001b2   0x00000002   PAD
    0x200001b4   0x00000044   Data   RW         7313    .data               mqtt.o
    0x200001f8   0x00000008   Data   RW         7435    .data               usart2.o
    0x20000200   0x00000001   Data   RW         7474    .data               wifi.o
    0x20000201   0x00000007   PAD
    0x20000208   0x00004100   Zero   RW         3284    .bss                app.o
    0x20004308   0x00000010   Zero   RW         3590    .bss                cpu_core.o
    0x20004318   0x00000f90   Zero   RW         4124    .bss                os_cfg_app.o
    0x200052a8   0x00000574   Zero   RW         5092    .bss                os_var.o
    0x2000581c   0x0000000e   Zero   RW         5245    .bss                lcd.o
    0x2000582a   0x00000016   PAD
    0x20005840   0x00003fc0   Zero   RW         5453    .bss                malloc.o
    0x20009800   0x000002c0   Zero   RW         5609    .bss                sdio_sdcard.o
    0x20009ac0   0x00000228   Zero   RW         5828    .bss                text.o
    0x20009ce8   0x00001000   Zero   RW         6052    .bss                w25qxx.o
    0x2000ace8   0x000000c8   Zero   RW         6651    .bss                usart.o
    0x2000adb0   0x00003400   Zero   RW         7312    .bss                mqtt.o
    0x2000e1b0   0x00000800   Zero   RW         7434    .bss                usart2.o
    0x2000e9b0   0x00000400   Zero   RW            1    STACK               startup_stm32f10x_hd.o



  Load Region LR$$.ARM.__AT_0x68000000 (Base: 0x68000000, Size: 0x00000000, Max: 0x000f0000, ABSOLUTE)

    Execution Region ER$$.ARM.__AT_0x68000000 (Base: 0x68000000, Size: 0x000f0000, Max: 0x000f0000, ABSOLUTE, UNINIT)

    Base Addr    Size         Type   Attr      Idx    E Section Name        Object

    0x68000000   0x000f0000   Zero   RW         5451    .ARM.__AT_0x68000000  malloc.o



  Load Region LR$$.ARM.__AT_0x680F0000 (Base: 0x680f0000, Size: 0x00000000, Max: 0x0000f000, ABSOLUTE)

    Execution Region ER$$.ARM.__AT_0x680F0000 (Base: 0x680f0000, Size: 0x0000f000, Max: 0x0000f000, ABSOLUTE, UNINIT)

    Base Addr    Size         Type   Attr      Idx    E Section Name        Object

    0x680f0000   0x0000f000   Zero   RW         5452    .ARM.__AT_0x680F0000  malloc.o


==============================================================================

Image component sizes


      Code (inc. data)   RO Data    RW Data    ZI Data      Debug   Object Name

       292          0          0          0          0       3875   24cxx.o
       238         14          0          0          0       1771   adc.o
      7044       2044        184          2      16640      42335   app.o
       704        198          0          0          0       2137   bsp.o
       180         18     175304          0          0       2647   cc936.o
         0          0          0          0          0       4504   core_cm3.o
        52          0          0          0          0        348   cpu_a.o
       540         98          0         28         16      16429   cpu_core.o
       472         52          0          4          0       3987   delay.o
       518         14          0          2          0       6752   diskio.o
       654         58          0          0          0       4736   ds18b20.o
       350         22        412         28          0       3108   exfuns.o
       128          6          0          2          0       1292   exti.o
      8470         68         58         10          0      41353   ff.o
       412         14          0          2          0       2112   key.o
     18430        196       6080          4         14      25470   lcd.o
      1352         64        150          1          0       8259   ld3320.o
       706         84          0         38          0       3915   ld3320_test.o
       148         18          0          0          0       1024   led.o
        88         10          0          4          0       1911   lib_math.o
       118          0          0          0          0       2283   lib_mem.o
       504         60         24         28    1060800       6257   malloc.o
       172         22          0          0          0       2105   misc.o
       264         10          0          0          0       1187   motor.o
      2100        134      10866          6          0       9246   mp3player.o
      2324        586          0         68      13312       8542   mqtt.o
       696        100          0          0          0       4302   myiic.o
         2          0        164          0       3984      20735   os_cfg_app.o
      2970        412          0          0          0      20127   os_core.o
       132         32          0          0          0        392   os_cpu_a.o
       656         68          0          4          0       8133   os_cpu_c.o
       388        254        364          0          0       4805   os_dbg.o
      2922         98          0          0          0       8029   os_flag.o
      1156        206          0          0          0       3414   os_int.o
       570         32          0          0          0       4046   os_msg.o
       136         16          0          4          0       2826   os_prio.o
      1464         70          0          0          0       5575   os_q.o
      1772        214          0          0          0       4015   os_stat.o
      5460        260          0          0          0      13508   os_task.o
      1348        124          0          0          0       5401   os_tick.o
       404         28          0          0          0       1721   os_time.o
       812        134          0          0          0       4100   os_tmr.o
         0          0          0        184       1396      19230   os_var.o
      1726        194         80          1          0       6027   recorder.o
      7230        386          0         16        704      33122   sdio_sdcard.o
       536         38          0          0          0       3578   spi.o
        36          8        304          0       1024        880   startup_stm32f10x_hd.o
       486         24          0          0          0       8638   stm32f10x_adc.o
       416          8          0          0          0       3466   stm32f10x_dma.o
       200         18          0          0          0       2144   stm32f10x_exti.o
       282          6          0          0          0       1849   stm32f10x_fsmc.o
       516         10          0          0          0       6214   stm32f10x_gpio.o
       430         70          0          0          0      34231   stm32f10x_it.o
       396         56          0         20          0       6775   stm32f10x_rcc.o
       304         72          0          0          0       8150   stm32f10x_sdio.o
       112          0          0          0          0       3874   stm32f10x_spi.o
       738        106          0          0          0       4952   stm32f10x_tim.o
       582         28          0          0          0       6195   stm32f10x_usart.o
         8          0          0          0          0        861   sys.o
       328         28          0         20          0     296101   system_stm32f10x.o
       778        118          0          2        552       3791   text.o
       240         10          0          0          0       1195   timer3.o
       112          6          0          0          0        672   timer4.o
       332         26          0          6        200       3716   usart.o
       340         22          0          8       2048       2792   usart2.o
       232          0          0          0          0       1562   utils_hmac.o
        24          0          0          0          0        547   utils_md5.o
      6842         40         64          0          0       5959   utils_sha1.o
      1762        104         64          8          0      16654   vs10xx.o
       760         70          0          2       4096       6829   w25qxx.o
      1528        796          0          1          0       4109   wifi.o

    ----------------------------------------------------------------------
     94484       8082     194156        516    1104812     812827   Object Totals
         0          0         32          0          0          0   (incl. Generated)
        60          0          6         13         26          0   (incl. Padding)

    ----------------------------------------------------------------------

      Code (inc. data)   RO Data    RW Data    ZI Data      Debug   Library Member Name

        86          0          0          0          0          0   __dczerorl2.o
         0          0          0          0          0          0   entry.o
         0          0          0          0          0          0   entry10a.o
         0          0          0          0          0          0   entry11a.o
         8          4          0          0          0          0   entry2.o
         4          0          0          0          0          0   entry5.o
         0          0          0          0          0          0   entry7b.o
         0          0          0          0          0          0   entry8b.o
         8          4          0          0          0          0   entry9a.o
        30          0          0          0          0          0   handlers.o
        36          8          0          0          0         68   init.o
         0          0          0          0          0          0   iusefp.o
        98          0          0          0          0         84   ldiv.o
        30          0          0          0          0         68   llshl.o
        36          0          0          0          0         68   llsshr.o
        32          0          0          0          0         68   llushr.o
        36          0          0          0          0         68   memcpya.o
        36          0          0          0          0        108   memseta.o
      2312        102          0          0          0        676   printfa.o
        24          0          0          0          0         68   strcat.o
        28          0          0          0          0         76   strcmp.o
        18          0          0          0          0         68   strcpy.o
        14          0          0          0          0         68   strlen.o
        36          0          0          0          0         80   strstr.o
        44          0          0          0          0         80   uidiv.o
        98          0          0          0          0         92   uldiv.o
        48          0          0          0          0         68   cdrcmple.o
        56          0          0          0          0         88   d2f.o
       334          0          0          0          0        148   dadd.o
       222          0          0          0          0        100   ddiv.o
       186          0          0          0          0        176   depilogue.o
        62          0          0          0          0         80   dfixi.o
        50          0          0          0          0         76   dfixui.o
        48          0          0          0          0         68   dfixul.o
        26          0          0          0          0         76   dfltui.o
       228          0          0          0          0         96   dmul.o
        38          0          0          0          0         68   f2d.o
       124          0          0          0          0         88   fdiv.o
       110          0          0          0          0        168   fepilogue.o
        40          0          0          0          0         68   ffixui.o
        18          0          0          0          0         68   fflti.o
        10          0          0          0          0         68   ffltui.o
       100          0          0          0          0         76   fmul.o

    ----------------------------------------------------------------------
      4716        118          0          0          0       3320   Library Totals
         2          0          0          0          0          0   (incl. Padding)

    ----------------------------------------------------------------------

      Code (inc. data)   RO Data    RW Data    ZI Data      Debug   Library Name

      3014        118          0          0          0       1740   mc_w.l
      1700          0          0          0          0       1580   mf_w.l

    ----------------------------------------------------------------------
      4716        118          0          0          0       3320   Library Totals

    ----------------------------------------------------------------------

==============================================================================


      Code (inc. data)   RO Data    RW Data    ZI Data      Debug   

     99200       8200     194156        516    1104812     789963   Grand Totals
     99200       8200     194156        100    1104812     789963   ELF Image Totals (compressed)
     99200       8200     194156        100          0          0   ROM Totals

==============================================================================

    Total RO  Size (Code + RO Data)               293356 ( 286.48kB)
    Total RW  Size (RW Data + ZI Data)           1105328 (1079.42kB)
    Total ROM Size (Code + RO Data + RW Data)     293456 ( 286.58kB)

==============================================================================

