<html>
<body>
<pre>
<h1>礦ision Build Log</h1>
<h2>Tool Versions:</h2>
IDE-Version: μVision V5.14.0.0
Copyright (C) 2015 ARM Ltd and ARM Germany GmbH. All rights reserved.
License Information: das ajie, asd, LIC=YA39H-WS6RS-QD3KD-8A9HN-93MT2-77MLU
 
Tool Versions:
Toolchain:       MDK-ARM Standard  Version: 5.14.0.0
Toolchain Path:  C:\Keil_v5\ARM\ARMCC\Bin
C Compiler:      Armcc.exe V5.05 update 1 (build 106)
Assembler:       Armasm.exe V5.05 update 1 (build 106)
Linker/Locator:  ArmLink.exe V5.05 update 1 (build 106)
Library Manager: ArmAr.exe V5.05 update 1 (build 106)
Hex Converter:   FromElf.exe V5.05 update 1 (build 106)
CPU DLL:         SARMCM3.DLL V5.14.0.0
Dialog DLL:      DCM.DLL V1.13.1.0
Target DLL:      Segger\JL2CM3.dll V2.99.13.0
Dialog DLL:      TCM.DLL V1.14.4.0
 
<h2>Project:</h2>
C:\Users\ajie\Desktop\能力挑战赛\ucos_code\Project\RVMDK（uv5）\ISO-STM32.uvprojx
Project File Date:  12/12/2020

<h2>Output:</h2>
Build target '单任务切换 LED'
assembling startup_stm32f10x_hd.s...
compiling core_cm3.c...
compiling system_stm32f10x.c...
compiling misc.c...
compiling stm32f10x_adc.c...
compiling stm32f10x_bkp.c...
compiling stm32f10x_can.c...
compiling stm32f10x_cec.c...
compiling stm32f10x_crc.c...
compiling stm32f10x_dac.c...
compiling stm32f10x_dbgmcu.c...
compiling stm32f10x_dma.c...
compiling stm32f10x_exti.c...
compiling stm32f10x_flash.c...
compiling stm32f10x_fsmc.c...
compiling stm32f10x_gpio.c...
compiling stm32f10x_i2c.c...
compiling stm32f10x_iwdg.c...
compiling stm32f10x_pwr.c...
compiling stm32f10x_rcc.c...
compiling stm32f10x_rtc.c...
compiling stm32f10x_sdio.c...
compiling stm32f10x_spi.c...
compiling stm32f10x_tim.c...
compiling stm32f10x_usart.c...
compiling stm32f10x_wwdg.c...
compiling stm32f10x_it.c...
compiling app.c...
compiling os_app_hooks.c...
compiling bsp.c...
compiling cpu_core.c...
assembling cpu_a.asm...
compiling cpu_c.c...
compiling lib_ascii.c...
compiling lib_math.c...
compiling lib_mem.c...
compiling lib_str.c...
assembling lib_mem_a.asm...
compiling os_cfg_app.c...
compiling os_core.c...
compiling os_dbg.c...
compiling os_flag.c...
compiling os_int.c...
compiling os_mem.c...
compiling os_msg.c...
compiling os_mutex.c...
compiling os_pend_multi.c...
compiling os_prio.c...
compiling os_q.c...
compiling os_sem.c...
compiling os_stat.c...
compiling os_task.c...
compiling os_tick.c...
compiling os_time.c...
compiling os_tmr.c...
compiling os_var.c...
assembling os_cpu_a.s...
compiling os_cpu_c.c...
compiling key.c...
compiling lcd.c...
compiling led.c...
compiling malloc.c...
compiling mp3player.c...
compiling sdio_sdcard.c...
compiling spi.c...
compiling text.c...
compiling vs10xx.c...
compiling w25qxx.c...
compiling ds18b20.c...
compiling adc.c...
compiling exti.c...
compiling motor.c...
compiling 24cxx.c...
compiling myiic.c...
compiling ld3320.c...
compiling ld3320_test.c...
compiling recorder.c...
compiling delay.c...
compiling sys.c...
compiling usart.c...
compiling diskio.c...
compiling exfuns.c...
compiling fattester.c...
compiling ff.c...
compiling cc936.c...
compiling mqtt.c...
compiling timer1.c...
compiling timer3.c...
compiling timer4.c...
compiling usart2.c...
compiling wifi.c...
compiling utils_hmac.c...
compiling utils_md5.c...
compiling utils_sha1.c...
linking...
Program Size: Code=99200 RO-data=194156 RW-data=516 ZI-data=1104812  
".\Objects\ISO-STM32.axf" - 0 Error(s), 0 Warning(s).

<h2>Collection of Component include folders:</h2>
  C:\Users\ajie\Desktop\能力挑战赛\ucos_code\Project\RVMDK（uv5）\RTE
  C:\Keil_v5\ARM\PACK\Keil\STM32F1xx_DFP\1.0.5\Device\Include

<h2>Collection of Component Files used:</h2>
</pre>
</body>
</html>
